Archive member included because of file (symbol)

c:/freescale/kds_v3/toolchain/bin/../lib/gcc/arm-none-eabi/4.8.4/../../../../arm-none-eabi/lib/armv6-m\libm.a(lib_a-w_pow.o)
                              ./Sources/data.o (pow)
c:/freescale/kds_v3/toolchain/bin/../lib/gcc/arm-none-eabi/4.8.4/../../../../arm-none-eabi/lib/armv6-m\libm.a(lib_a-e_pow.o)
                              c:/freescale/kds_v3/toolchain/bin/../lib/gcc/arm-none-eabi/4.8.4/../../../../arm-none-eabi/lib/armv6-m\libm.a(lib_a-w_pow.o) (__ieee754_pow)
c:/freescale/kds_v3/toolchain/bin/../lib/gcc/arm-none-eabi/4.8.4/../../../../arm-none-eabi/lib/armv6-m\libm.a(lib_a-e_sqrt.o)
                              c:/freescale/kds_v3/toolchain/bin/../lib/gcc/arm-none-eabi/4.8.4/../../../../arm-none-eabi/lib/armv6-m\libm.a(lib_a-e_pow.o) (__ieee754_sqrt)
c:/freescale/kds_v3/toolchain/bin/../lib/gcc/arm-none-eabi/4.8.4/../../../../arm-none-eabi/lib/armv6-m\libm.a(lib_a-s_fabs.o)
                              c:/freescale/kds_v3/toolchain/bin/../lib/gcc/arm-none-eabi/4.8.4/../../../../arm-none-eabi/lib/armv6-m\libm.a(lib_a-e_pow.o) (fabs)
c:/freescale/kds_v3/toolchain/bin/../lib/gcc/arm-none-eabi/4.8.4/../../../../arm-none-eabi/lib/armv6-m\libm.a(lib_a-s_finite.o)
                              c:/freescale/kds_v3/toolchain/bin/../lib/gcc/arm-none-eabi/4.8.4/../../../../arm-none-eabi/lib/armv6-m\libm.a(lib_a-w_pow.o) (finite)
c:/freescale/kds_v3/toolchain/bin/../lib/gcc/arm-none-eabi/4.8.4/../../../../arm-none-eabi/lib/armv6-m\libm.a(lib_a-s_fpclassify.o)
                              c:/freescale/kds_v3/toolchain/bin/../lib/gcc/arm-none-eabi/4.8.4/../../../../arm-none-eabi/lib/armv6-m\libm.a(lib_a-w_pow.o) (__fpclassifyd)
c:/freescale/kds_v3/toolchain/bin/../lib/gcc/arm-none-eabi/4.8.4/../../../../arm-none-eabi/lib/armv6-m\libm.a(lib_a-s_lib_ver.o)
                              c:/freescale/kds_v3/toolchain/bin/../lib/gcc/arm-none-eabi/4.8.4/../../../../arm-none-eabi/lib/armv6-m\libm.a(lib_a-w_pow.o) (__fdlib_version)
c:/freescale/kds_v3/toolchain/bin/../lib/gcc/arm-none-eabi/4.8.4/../../../../arm-none-eabi/lib/armv6-m\libm.a(lib_a-s_matherr.o)
                              c:/freescale/kds_v3/toolchain/bin/../lib/gcc/arm-none-eabi/4.8.4/../../../../arm-none-eabi/lib/armv6-m\libm.a(lib_a-w_pow.o) (matherr)
c:/freescale/kds_v3/toolchain/bin/../lib/gcc/arm-none-eabi/4.8.4/../../../../arm-none-eabi/lib/armv6-m\libm.a(lib_a-s_nan.o)
                              c:/freescale/kds_v3/toolchain/bin/../lib/gcc/arm-none-eabi/4.8.4/../../../../arm-none-eabi/lib/armv6-m\libm.a(lib_a-e_pow.o) (nan)
c:/freescale/kds_v3/toolchain/bin/../lib/gcc/arm-none-eabi/4.8.4/../../../../arm-none-eabi/lib/armv6-m\libm.a(lib_a-s_rint.o)
                              c:/freescale/kds_v3/toolchain/bin/../lib/gcc/arm-none-eabi/4.8.4/../../../../arm-none-eabi/lib/armv6-m\libm.a(lib_a-w_pow.o) (rint)
c:/freescale/kds_v3/toolchain/bin/../lib/gcc/arm-none-eabi/4.8.4/../../../../arm-none-eabi/lib/armv6-m\libm.a(lib_a-s_scalbn.o)
                              c:/freescale/kds_v3/toolchain/bin/../lib/gcc/arm-none-eabi/4.8.4/../../../../arm-none-eabi/lib/armv6-m\libm.a(lib_a-e_pow.o) (scalbn)
c:/freescale/kds_v3/toolchain/bin/../lib/gcc/arm-none-eabi/4.8.4/../../../../arm-none-eabi/lib/armv6-m\libm.a(lib_a-s_copysign.o)
                              c:/freescale/kds_v3/toolchain/bin/../lib/gcc/arm-none-eabi/4.8.4/../../../../arm-none-eabi/lib/armv6-m\libm.a(lib_a-s_scalbn.o) (copysign)
c:/freescale/kds_v3/toolchain/bin/../lib/gcc/arm-none-eabi/4.8.4/armv6-m\libgcc.a(_udivsi3.o)
                              ./Sources/uart.o (__aeabi_uidiv)
c:/freescale/kds_v3/toolchain/bin/../lib/gcc/arm-none-eabi/4.8.4/armv6-m\libgcc.a(_divsi3.o)
                              ./Sources/data.o (__aeabi_idiv)
c:/freescale/kds_v3/toolchain/bin/../lib/gcc/arm-none-eabi/4.8.4/armv6-m\libgcc.a(_dvmd_tls.o)
                              c:/freescale/kds_v3/toolchain/bin/../lib/gcc/arm-none-eabi/4.8.4/armv6-m\libgcc.a(_udivsi3.o) (__aeabi_idiv0)
c:/freescale/kds_v3/toolchain/bin/../lib/gcc/arm-none-eabi/4.8.4/armv6-m\libgcc.a(_arm_cmpdf2.o)
                              c:/freescale/kds_v3/toolchain/bin/../lib/gcc/arm-none-eabi/4.8.4/../../../../arm-none-eabi/lib/armv6-m\libm.a(lib_a-w_pow.o) (__aeabi_dcmpeq)
c:/freescale/kds_v3/toolchain/bin/../lib/gcc/arm-none-eabi/4.8.4/armv6-m\libgcc.a(_arm_cmpsf2.o)
                              ./Sources/data.o (__aeabi_fcmplt)
c:/freescale/kds_v3/toolchain/bin/../lib/gcc/arm-none-eabi/4.8.4/armv6-m\libgcc.a(_fixunsdfsi.o)
                              ./Sources/data.o (__aeabi_d2uiz)
c:/freescale/kds_v3/toolchain/bin/../lib/gcc/arm-none-eabi/4.8.4/armv6-m\libgcc.a(eqsf2.o)
                              c:/freescale/kds_v3/toolchain/bin/../lib/gcc/arm-none-eabi/4.8.4/armv6-m\libgcc.a(_arm_cmpsf2.o) (__eqsf2)
c:/freescale/kds_v3/toolchain/bin/../lib/gcc/arm-none-eabi/4.8.4/armv6-m\libgcc.a(gesf2.o)
[...]
Memory Configuration

Name             Origin             Length             Attributes
m_interrupts     0x00000000         0x00000100         xr
m_flash_config   0x00000400         0x00000010         xr
m_text           0x00000410         0x0001fbf0         xr
m_data           0x1ffff000         0x00004000         rw
*default*        0x00000000         0xffffffff

Linker script and memory map

LOAD c:/freescale/kds_v3/toolchain/bin/../lib/gcc/arm-none-eabi/4.8.4/armv6-m/crti.o
LOAD c:/freescale/kds_v3/toolchain/bin/../lib/gcc/arm-none-eabi/4.8.4/armv6-m/crtbegin.o
LOAD c:/freescale/kds_v3/toolchain/bin/../lib/gcc/arm-none-eabi/4.8.4/../../../../arm-none-eabi/lib/armv6-m/crt0.o
LOAD ./Sources/I2C.o
LOAD ./Sources/SPI.o
LOAD ./Sources/adc.o
LOAD ./Sources/calibrate.o
LOAD ./Sources/circbuf.o
LOAD ./Sources/dac.o
LOAD ./Sources/data.o
LOAD ./Sources/dma.o
LOAD ./Sources/led.o
LOAD ./Sources/log.o
LOAD ./Sources/main.o
LOAD ./Sources/memory.o
LOAD ./Sources/message.o
LOAD ./Sources/motor.o
LOAD ./Sources/profile.o
LOAD ./Sources/rtc.o
LOAD ./Sources/sdcard.o
LOAD ./Sources/tsi.o
LOAD ./Sources/uart.o
LOAD ./Project_Settings/Startup_Code/startup_MKL25Z4.o
LOAD ./Project_Settings/Startup_Code/system_MKL25Z4.o
LOAD c:/freescale/kds_v3/toolchain/bin/../lib/gcc/arm-none-eabi/4.8.4/../../../../arm-none-eabi/lib/armv6-m\libstdc++_s.a
LOAD c:/freescale/kds_v3/toolchain/bin/../lib/gcc/arm-none-eabi/4.8.4/../../../../arm-none-eabi/lib/armv6-m\libm.a
START GROUP
LOAD c:/freescale/kds_v3/toolchain/bin/../lib/gcc/arm-none-eabi/4.8.4/armv6-m\libgcc.a
LOAD c:/freescale/kds_v3/toolchain/bin/../lib/gcc/arm-none-eabi/4.8.4/../../../../arm-none-eabi/lib/armv6-m\libg_s.a
LOAD c:/freescale/kds_v3/toolchain/bin/../lib/gcc/arm-none-eabi/4.8.4/../../../../arm-none-eabi/lib/armv6-m\libc_s.a
END GROUP
START GROUP
LOAD c:/freescale/kds_v3/toolchain/bin/../lib/gcc/arm-none-eabi/4.8.4/armv6-m\libgcc.a
LOAD c:/freescale/kds_v3/toolchain/bin/../lib/gcc/arm-none-eabi/4.8.4/../../../../arm-none-eabi/lib/armv6-m\libc_s.a
LOAD c:/freescale/kds_v3/toolchain/bin/../lib/gcc/arm-none-eabi/4.8.4/../../../../arm-none-eabi/lib/armv6-m\libnosys.a
END GROUP
START GROUP
LOAD c:/freescale/kds_v3/toolchain/bin/../lib/gcc/arm-none-eabi/4.8.4/armv6-m\libgcc.a
LOAD c:/freescale/kds_v3/toolchain/bin/../lib/gcc/arm-none-eabi/4.8.4/../../../../arm-none-eabi/lib/armv6-m\libc_s.a
LOAD c:/freescale/kds_v3/toolchain/bin/../lib/gcc/arm-none-eabi/4.8.4/../../../../arm-none-eabi/lib/armv6-m\libnosys.a
END GROUP
LOAD c:/freescale/kds_v3/toolchain/bin/../lib/gcc/arm-none-eabi/4.8.4/armv6-m/crtend.o
LOAD c:/freescale/kds_v3/toolchain/bin/../lib/gcc/arm-none-eabi/4.8.4/armv6-m/crtn.o
                0x00000400                HEAP_SIZE = DEFINED (__heap_size__)?__heap_size__:0x400
                0x00000400                STACK_SIZE = DEFINED (__stack_size__)?__stack_size__:0x400

.interrupts     0x00000000       0xc0
                0x00000000                __VECTOR_TABLE = .
                0x00000000                . = ALIGN (0x4)
 *(.isr_vector)
 .isr_vector    0x00000000       0xc0 ./Project_Settings/Startup_Code/startup_MKL25Z4.o
                0x00000000                __isr_vector
                0x000000c0                . = ALIGN (0x4)

.flash_config   0x00000400       0x10
                0x00000400                . = ALIGN (0x4)
 *(.FlashConfig)
 .FlashConfig   0x00000400       0x10 ./Project_Settings/Startup_Code/startup_MKL25Z4.o
                0x00000410                . = ALIGN (0x4)

.text           0x00000410     0x6964
                0x00000410                . = ALIGN (0x4)
 *(.text)
 .text          0x00000410       0x60 c:/freescale/kds_v3/toolchain/bin/../lib/gcc/arm-none-eabi/4.8.4/armv6-m/crtbegin.o
 .text          0x00000470       0x78 c:/freescale/kds_v3/toolchain/bin/../lib/gcc/arm-none-eabi/4.8.4/../../../../arm-none-eabi/lib/armv6-m/crt0.o
                0x00000470                _start
                0x00000470                _mainCRTStartup
 .text          0x000004e8       0x34 ./Project_Settings/Startup_Code/startup_MKL25Z4.o
                0x000004e8                Reset_Handler
                0x00000514                HardFault_Handler
                0x00000514                SysTick_Handler
                0x00000514                PendSV_Handler
                0x00000514                NMI_Handler
                0x00000514                I2C1_IRQHandler
                0x00000514                UART1_IRQHandler
                0x00000514                DMA2_IRQHandler
                0x00000514                TPM0_IRQHandler
                0x00000514                LLWU_IRQHandler
                0x00000514                ADC0_IRQHandler
                0x00000514                Reserved39_IRQHandler
                0x00000514                SPI1_IRQHandler
                0x00000514                DefaultISR
                0x00000514                PORTD_IRQHandler
                0x00000514                TPM2_IRQHandler
                0x00000514                RTC_IRQHandler
                0x00000514                I2C0_IRQHandler
                0x00000514                MCG_IRQHandler
                0x00000514                UART2_IRQHandler
                0x00000514                Reserved20_IRQHandler
                0x00000514                USB0_IRQHandler
                0x00000514                SVC_Handler
                0x00000514                DMA3_IRQHandler
                0x00000514                DAC0_IRQHandler
                0x00000514                Reserved45_IRQHandler
                0x00000514                TPM1_IRQHandler
                0x00000514                LVD_LVW_IRQHandler
                0x00000514                SPI0_IRQHandler
                0x00000514                PORTA_IRQHandler
                0x00000514                FTFA_IRQHandler
                0x00000514                LPTMR0_IRQHandler
                0x00000514                CMP0_IRQHandler
                0x00000514                DMA1_IRQHandler
 .text          0x0000051c       0x9c c:/freescale/kds_v3/toolchain/bin/../lib/gcc/arm-none-eabi/4.8.4/armv6-m\libgcc.a(_udivsi3.o)
                0x0000051c                __aeabi_uidiv
                0x0000051c                __udivsi3
                0x000005a4                __aeabi_uidivmod
 .text          0x000005b8       0xc0 c:/freescale/kds_v3/toolchain/bin/../lib/gcc/arm-none-eabi/4.8.4/armv6-m\libgcc.a(_divsi3.o)
                0x000005b8                __divsi3
                0x000005b8                __aeabi_idiv
                0x00000664                __aeabi_idivmod
 .text          0x00000678        0x4 c:/freescale/kds_v3/toolchain/bin/../lib/gcc/arm-none-eabi/4.8.4/armv6-m\libgcc.a(_dvmd_tls.o)
                0x00000678                __aeabi_idiv0
                0x00000678                __aeabi_ldiv0
 .text          0x0000067c       0x7c c:/freescale/kds_v3/toolchain/bin/../lib/gcc/arm-none-eabi/4.8.4/armv6-m\libgcc.a(_arm_cmpdf2.o)
                0x0000067c                __aeabi_cdrcmple
                0x0000068c                __aeabi_cdcmple
                0x0000068c                __aeabi_cdcmpeq
                0x0000069c                __aeabi_dcmpeq
                0x000006a8                __aeabi_dcmplt
                0x000006bc                __aeabi_dcmple
                0x000006d0                __aeabi_dcmpgt
                0x000006e4                __aeabi_dcmpge
 .text          0x000006f8       0x74 c:/freescale/kds_v3/toolchain/bin/../lib/gcc/arm-none-eabi/4.8.4/armv6-m\libgcc.a(_arm_cmpsf2.o)
                0x000006f8                __aeabi_cfrcmple
                0x00000700                __aeabi_cfcmpeq
                0x00000700                __aeabi_cfcmple
                0x00000710                __aeabi_fcmpeq
                0x0000071c                __aeabi_fcmplt
                0x00000730                __aeabi_fcmple
                0x00000744                __aeabi_fcmpgt
                0x00000758                __aeabi_fcmpge
 *fill*         0x0000076c        0x4 
 .text          0x00000770       0x40 c:/freescale/kds_v3/toolchain/bin/../lib/gcc/arm-none-eabi/4.8.4/armv6-m\libgcc.a(_fixunsdfsi.o)
                0x00000770                __aeabi_d2uiz
                0x00000770                __fixunsdfsi
 .text          0x000007b0       0x54 c:/freescale/kds_v3/toolchain/bin/../lib/gcc/arm-none-eabi/4.8.4/armv6-m\libgcc.a(eqsf2.o)
                0x000007b0                __eqsf2
                0x000007b0                __nesf2
 .text          0x00000804       0x90 c:/freescale/kds_v3/toolchain/bin/../lib/gcc/arm-none-eabi/4.8.4/armv6-m\libgcc.a(gesf2.o)
                0x00000804                __gesf2
                0x00000804                __gtsf2
 .text          0x00000894       0x98 c:/freescale/kds_v3/toolchain/bin/../lib/gcc/arm-none-eabi/4.8.4/armv6-m\libgcc.a(lesf2.o)
                0x00000894                __ltsf2
                0x00000894                __lesf2
 .text          0x0000092c      0x2ec c:/freescale/kds_v3/toolchain/bin/../lib/gcc/arm-none-eabi/4.8.4/armv6-m\libgcc.a(subsf3.o)
                0x0000092c                __aeabi_fsub
 .text          0x00000c18       0x40 c:/freescale/kds_v3/toolchain/bin/../lib/gcc/arm-none-eabi/4.8.4/armv6-m\libgcc.a(fixsfsi.o)
                0x00000c18                __aeabi_f2iz
 .text          0x00000c58       0xb8 c:/freescale/kds_v3/toolchain/bin/../lib/gcc/arm-none-eabi/4.8.4/armv6-m\libgcc.a(floatsisf.o)
                0x00000c58                __aeabi_i2f
 .text          0x00000d10       0xa0 c:/freescale/kds_v3/toolchain/bin/../lib/gcc/arm-none-eabi/4.8.4/armv6-m\libgcc.a(floatunsisf.o)
                0x00000d10                __aeabi_ui2f
 .text          0x00000db0      0x644 c:/freescale/kds_v3/toolchain/bin/../lib/gcc/arm-none-eabi/4.8.4/armv6-m\libgcc.a(adddf3.o)
                0x00000db0                __aeabi_dadd
 .text          0x000013f4      0x648 c:/freescale/kds_v3/toolchain/bin/../lib/gcc/arm-none-eabi/4.8.4/armv6-m\libgcc.a(divdf3.o)
                0x000013f4                __aeabi_ddiv
 .text          0x00001a3c       0x94 c:/freescale/kds_v3/toolchain/bin/../lib/gcc/arm-none-eabi/4.8.4/armv6-m\libgcc.a(eqdf2.o)
                0x00001a3c                __nedf2
                0x00001a3c                __eqdf2
 .text          0x00001ad0       0xfc c:/freescale/kds_v3/toolchain/bin/../lib/gcc/arm-none-eabi/4.8.4/armv6-m\libgcc.a(gedf2.o)
                0x00001ad0                __gedf2
                0x00001ad0                __gtdf2
 .text          0x00001bcc       0xfc c:/freescale/kds_v3/toolchain/bin/../lib/gcc/arm-none-eabi/4.8.4/armv6-m\libgcc.a(ledf2.o)
                0x00001bcc                __ledf2
                0x00001bcc                __ltdf2
 .text          0x00001cc8      0x520 c:/freescale/kds_v3/toolchain/bin/../lib/gcc/arm-none-eabi/4.8.4/armv6-m\libgcc.a(muldf3.o)
                0x00001cc8                __aeabi_dmul
 .text          0x000021e8      0x668 c:/freescale/kds_v3/toolchain/bin/../lib/gcc/arm-none-eabi/4.8.4/armv6-m\libgcc.a(subdf3.o)
                0x000021e8                __aeabi_dsub
 .text          0x00002850       0x68 c:/freescale/kds_v3/toolchain/bin/../lib/gcc/arm-none-eabi/4.8.4/armv6-m\libgcc.a(fixdfsi.o)
                0x00002850                __aeabi_d2iz
 .text          0x000028b8       0x7c c:/freescale/kds_v3/toolchain/bin/../lib/gcc/arm-none-eabi/4.8.4/armv6-m\libgcc.a(floatsidf.o)
                0x000028b8                __aeabi_i2d
 .text          0x00002934       0x68 c:/freescale/kds_v3/toolchain/bin/../lib/gcc/arm-none-eabi/4.8.4/armv6-m\libgcc.a(floatunsidf.o)
                0x00002934                __aeabi_ui2d
 .text          0x0000299c       0xa4 c:/freescale/kds_v3/toolchain/bin/../lib/gcc/arm-none-eabi/4.8.4/armv6-m\libgcc.a(extendsfdf2.o)
                0x0000299c                __aeabi_f2d
 .text          0x00002a40      0x118 c:/freescale/kds_v3/toolchain/bin/../lib/gcc/arm-none-eabi/4.8.4/armv6-m\libgcc.a(truncdfsf2.o)
                0x00002a40                __aeabi_d2f
 .text          0x00002b58       0x3c c:/freescale/kds_v3/toolchain/bin/../lib/gcc/arm-none-eabi/4.8.4/armv6-m\libgcc.a(_clzsi2.o)
                0x00002b58                __clzsi2
 *(.text*)
 .text.I2C_init
                0x00002b94       0x94 ./Sources/I2C.o
                0x00002b94                I2C_init
 .text.SPI_init
                0x00002c28       0x90 ./Sources/SPI.o
                0x00002c28                SPI_init
 .text.SPI_status
                0x00002cb8       0x14 ./Sources/SPI.o
                0x00002cb8                SPI_status
 .text.SPI_write
                0x00002ccc       0x48 ./Sources/SPI.o
                0x00002ccc                SPI_write
 .text.ADC_Init10b
                0x00002d14       0x5c ./Sources/adc.o
                0x00002d14                ADC_Init10b
 .text.ADC_read10b
                0x00002d70       0x44 ./Sources/adc.o
                0x00002d70                ADC_read10b
 .text.LIGHT_calibrate
                0x00002db4       0x3c ./Sources/calibrate.o
                0x00002db4                LIGHT_calibrate
 .text.initialize
                0x00002df0       0x30 ./Sources/circbuf.o
                0x00002df0                initialize
 .text.buff_full
                0x00002e20       0x24 ./Sources/circbuf.o
                0x00002e20                buff_full
 .text.buff_empty
                0x00002e44       0x20 ./Sources/circbuf.o
                0x00002e44                buff_empty
 .text.add_data
                0x00002e64       0x94 ./Sources/circbuf.o
                0x00002e64                add_data
 .text.read_data
                0x00002ef8       0xac ./Sources/circbuf.o
                0x00002ef8                read_data
 .text.dac_init
                0x00002fa4       0x6c ./Sources/dac.o
                0x00002fa4                dac_init
 .text.my_atoi  0x00003010       0xc8 ./Sources/data.o
                0x00003010                my_atoi
 .text.itoa     0x000030d8      0x11c ./Sources/data.o
                0x000030d8                itoa
 .text.reverse  0x000031f4       0x5c ./Sources/data.o
                0x000031f4                reverse
 .text.ftoa     0x00003250       0xe0 ./Sources/data.o
                0x00003250                ftoa
 .text.intToStr
                0x00003330       0x94 ./Sources/data.o
                0x00003330                intToStr
 .text.DMA0_IRQHandler
                0x000033c4       0x70 ./Sources/dma.o
                0x000033c4                DMA0_IRQHandler
 .text.LED_Init
                0x00003434       0xc4 ./Sources/led.o
                0x00003434                LED_Init
 .text.LED_Control
                0x000034f8       0xb4 ./Sources/led.o
                0x000034f8                LED_Control
 .text.LEDFunction
                0x000035ac      0x104 ./Sources/led.o
                0x000035ac                LEDFunction
 .text.uart_log
                0x000036b0       0x54 ./Sources/log.o
                0x000036b0                uart_log
 .text.uart_log1
                0x00003704      0x14c ./Sources/log.o
                0x00003704                uart_log1
 .text.main     0x00003850      0x2b8 ./Sources/main.o
                0x00003850                main
 .text.decode_msg
                0x00003b08      0x1bc ./Sources/message.o
                0x00003b08                decode_msg
 .text.motor_init
                0x00003cc4       0x74 ./Sources/motor.o
                0x00003cc4                motor_init
 .text.motor_control
                0x00003d38       0x4c ./Sources/motor.o
                0x00003d38                motor_control
 .text.NVIC_EnableIRQ
                0x00003d84       0x2c ./Sources/profile.o
 .text.pit_init
                0x00003db0       0x50 ./Sources/profile.o
                0x00003db0                pit_init
 .text.PIT_IRQHandler
                0x00003e00       0x38 ./Sources/profile.o
                0x00003e00                PIT_IRQHandler
 .text.NVIC_EnableIRQ
                0x00003e38       0x2c ./Sources/rtc.o
 .text.rtc_init
                0x00003e64       0xe8 ./Sources/rtc.o
                0x00003e64                rtc_init
 .text.time_setup
                0x00003f4c      0x18c ./Sources/rtc.o
                0x00003f4c                time_setup
 .text.datetosec
                0x000040d8       0xbc ./Sources/rtc.o
                0x000040d8                datetosec
 .text.RTC_Seconds_IRQHandler
                0x00004194       0xa8 ./Sources/rtc.o
                0x00004194                RTC_Seconds_IRQHandler
 .text.sdcard_init
                0x0000423c      0x108 ./Sources/sdcard.o
                0x0000423c                sdcard_init
 .text.cmd_zero
                0x00004344       0xac ./Sources/sdcard.o
                0x00004344                cmd_zero
 .text.cmd_eight
                0x000043f0       0x80 ./Sources/sdcard.o
                0x000043f0                cmd_eight
 .text.cmd_feight
                0x00004470       0x88 ./Sources/sdcard.o
                0x00004470                cmd_feight
 .text.cmd_fiftyfive
                0x000044f8       0xa4 ./Sources/sdcard.o
                0x000044f8                cmd_fiftyfive
 .text.acmd     0x0000459c       0xa8 ./Sources/sdcard.o
                0x0000459c                acmd
 .text.sdcard_write_block
                0x00004644      0x114 ./Sources/sdcard.o
                0x00004644                sdcard_write_block
 .text.NVIC_EnableIRQ
                0x00004758       0x2c ./Sources/tsi.o
 .text.tsi_init
                0x00004784       0xac ./Sources/tsi.o
                0x00004784                tsi_init
 .text.tsi_start_scan
                0x00004830       0x28 ./Sources/tsi.o
                0x00004830                tsi_start_scan
 .text.tsi_stop_scan
                0x00004858       0x18 ./Sources/tsi.o
                0x00004858                tsi_stop_scan
 .text.tsi_led  0x00004870      0x164 ./Sources/tsi.o
                0x00004870                tsi_led
 .text.TSI0_IRQHandler
                0x000049d4       0x5c ./Sources/tsi.o
                0x000049d4                TSI0_IRQHandler
 .text.NVIC_EnableIRQ
                0x00004a30       0x2c ./Sources/uart.o
 .text.uart_init
                0x00004a5c      0x144 ./Sources/uart.o
                0x00004a5c                uart_init
 .text.UART0_IRQHandler
                0x00004ba0       0xc0 ./Sources/uart.o
                0x00004ba0                UART0_IRQHandler
 .text.SystemInit
                0x00004c60       0x18 ./Project_Settings/Startup_Code/system_MKL25Z4.o
                0x00004c60                SystemInit
 .text.pow      0x00004c78      0x370 c:/freescale/kds_v3/toolchain/bin/../lib/gcc/arm-none-eabi/4.8.4/../../../../arm-none-eabi/lib/armv6-m\libm.a(lib_a-w_pow.o)
                0x00004c78                pow
 .text.__ieee754_pow
                0x00004fe8      0xb20 c:/freescale/kds_v3/toolchain/bin/../lib/gcc/arm-none-eabi/4.8.4/../../../../arm-none-eabi/lib/armv6-m\libm.a(lib_a-e_pow.o)
                0x00004fe8                __ieee754_pow
 .text.__ieee754_sqrt
                0x00005b08      0x1cc c:/freescale/kds_v3/toolchain/bin/../lib/gcc/arm-none-eabi/4.8.4/../../../../arm-none-eabi/lib/armv6-m\libm.a(lib_a-e_sqrt.o)
                0x00005b08                __ieee754_sqrt
 .text.fabs     0x00005cd4        0x8 c:/freescale/kds_v3/toolchain/bin/../lib/gcc/arm-none-eabi/4.8.4/../../../../arm-none-eabi/lib/armv6-m\libm.a(lib_a-s_fabs.o)
                0x00005cd4                fabs
 .text.finite   0x00005cdc       0x10 c:/freescale/kds_v3/toolchain/bin/../lib/gcc/arm-none-eabi/4.8.4/../../../../arm-none-eabi/lib/armv6-m\libm.a(lib_a-s_finite.o)
                0x00005cdc                finite
 .text.__fpclassifyd
                0x00005cec       0x60 c:/freescale/kds_v3/toolchain/bin/../lib/gcc/arm-none-eabi/4.8.4/../../../../arm-none-eabi/lib/armv6-m\libm.a(lib_a-s_fpclassify.o)
                0x00005cec                __fpclassifyd
 .text.matherr  0x00005d4c        0x4 c:/freescale/kds_v3/toolchain/bin/../lib/gcc/arm-none-eabi/4.8.4/../../../../arm-none-eabi/lib/armv6-m\libm.a(lib_a-s_matherr.o)
                0x00005d4c                matherr
 .text.nan      0x00005d50       0x10 c:/freescale/kds_v3/toolchain/bin/../lib/gcc/arm-none-eabi/4.8.4/../../../../arm-none-eabi/lib/armv6-m\libm.a(lib_a-s_nan.o)
                0x00005d50                nan
 .text.rint     0x00005d60      0x154 c:/freescale/kds_v3/toolchain/bin/../lib/gcc/arm-none-eabi/4.8.4/../../../../arm-none-eabi/lib/armv6-m\libm.a(lib_a-s_rint.o)
                0x00005d60                rint
 *fill*         0x00005eb4        0x4 
 .text.scalbn   0x00005eb8      0x110 c:/freescale/kds_v3/toolchain/bin/../lib/gcc/arm-none-eabi/4.8.4/../../../../arm-none-eabi/lib/armv6-m\libm.a(lib_a-s_scalbn.o)
                0x00005eb8                scalbn
 .text.copysign
                0x00005fc8       0x10 c:/freescale/kds_v3/toolchain/bin/../lib/gcc/arm-none-eabi/4.8.4/../../../../arm-none-eabi/lib/armv6-m\libm.a(lib_a-s_copysign.o)
                0x00005fc8                copysign
 .text.__errno  0x00005fd8        0xc c:/freescale/kds_v3/toolchain/bin/../lib/gcc/arm-none-eabi/4.8.4/../../../../arm-none-eabi/lib/armv6-m\libg_s.a(lib_a-errno.o)
                0x00005fd8                __errno
 .text.exit     0x00005fe4       0x2c c:/freescale/kds_v3/toolchain/bin/../lib/gcc/arm-none-eabi/4.8.4/../../../../arm-none-eabi/lib/armv6-m\libg_s.a(lib_a-exit.o)
                0x00005fe4                exit
 .text.__libc_init_array
                0x00006010       0x4c c:/freescale/kds_v3/toolchain/bin/../lib/gcc/arm-none-eabi/4.8.4/../../../../arm-none-eabi/lib/armv6-m\libg_s.a(lib_a-init.o)
                0x00006010                __libc_init_array
 .text.malloc   0x0000605c       0x14 c:/freescale/kds_v3/toolchain/bin/../lib/gcc/arm-none-eabi/4.8.4/../../../../arm-none-eabi/lib/armv6-m\libg_s.a(lib_a-malloc.o)
                0x0000605c                malloc
 .text.memcpy   0x00006070       0x12 c:/freescale/kds_v3/toolchain/bin/../lib/gcc/arm-none-eabi/4.8.4/../../../../arm-none-eabi/lib/armv6-m\libg_s.a(lib_a-memcpy-stub.o)
                0x00006070                memcpy
 .text.memset   0x00006082       0x10 c:/freescale/kds_v3/toolchain/bin/../lib/gcc/arm-none-eabi/4.8.4/../../../../arm-none-eabi/lib/armv6-m\libg_s.a(lib_a-memset.o)
                0x00006082                memset
 *fill*         0x00006092        0x2 
 .text._free_r  0x00006094       0x90 c:/freescale/kds_v3/toolchain/bin/../lib/gcc/arm-none-eabi/4.8.4/../../../../arm-none-eabi/lib/armv6-m\libg_s.a(lib_a-nano-freer.o)
                0x00006094                _free_r
 .text._malloc_r
                0x00006124       0xa8 c:/freescale/kds_v3/toolchain/bin/../lib/gcc/arm-none-eabi/4.8.4/../../../../arm-none-eabi/lib/armv6-m\libg_s.a(lib_a-nano-mallocr.o)
                0x00006124                _malloc_r
 .text._sbrk_r  0x000061cc       0x24 c:/freescale/kds_v3/toolchain/bin/../lib/gcc/arm-none-eabi/4.8.4/../../../../arm-none-eabi/lib/armv6-m\libg_s.a(lib_a-sbrkr.o)
                0x000061cc                _sbrk_r
 .text.sprintf  0x000061f0       0x44 c:/freescale/kds_v3/toolchain/bin/../lib/gcc/arm-none-eabi/4.8.4/../../../../arm-none-eabi/lib/armv6-m\libg_s.a(lib_a-sprintf.o)
                0x000061f0                siprintf
                0x000061f0                sprintf
 .text.__ssputs_r
                0x00006234       0xc0 c:/freescale/kds_v3/toolchain/bin/../lib/gcc/arm-none-eabi/4.8.4/../../../../arm-none-eabi/lib/armv6-m\libg_s.a(lib_a-svfprintf.o)
                0x00006234                __ssputs_r
 .text._svfprintf_r
                0x000062f4      0x1e0 c:/freescale/kds_v3/toolchain/bin/../lib/gcc/arm-none-eabi/4.8.4/../../../../arm-none-eabi/lib/armv6-m\libg_s.a(lib_a-svfprintf.o)
                0x000062f4                _svfiprintf_r
                0x000062f4                _svfprintf_r
 .text._printf_common
                0x000064d4       0xe8 c:/freescale/kds_v3/toolchain/bin/../lib/gcc/arm-none-eabi/4.8.4/../../../../arm-none-eabi/lib/armv6-m\libg_s.a(lib_a-vfprintf_i.o)
                0x000064d4                _printf_common
 .text._printf_i
                0x000065bc      0x22c c:/freescale/kds_v3/toolchain/bin/../lib/gcc/arm-none-eabi/4.8.4/../../../../arm-none-eabi/lib/armv6-m\libg_s.a(lib_a-vfprintf_i.o)
                0x000065bc                _printf_i
 .text.memchr   0x000067e8       0x16 c:/freescale/kds_v3/toolchain/bin/../lib/gcc/arm-none-eabi/4.8.4/../../../../arm-none-eabi/lib/armv6-m\libg_s.a(lib_a-memchr-stub.o)
                0x000067e8                memchr
 .text.memmove  0x000067fe       0x32 c:/freescale/kds_v3/toolchain/bin/../lib/gcc/arm-none-eabi/4.8.4/../../../../arm-none-eabi/lib/armv6-m\libg_s.a(lib_a-memmove.o)
                0x000067fe                memmove
 .text._realloc_r
                0x00006830       0x4c c:/freescale/kds_v3/toolchain/bin/../lib/gcc/arm-none-eabi/4.8.4/../../../../arm-none-eabi/lib/armv6-m\libg_s.a(lib_a-nano-reallocr.o)
                0x00006830                _realloc_r
 .text.strlen   0x0000687c        0xe c:/freescale/kds_v3/toolchain/bin/../lib/gcc/arm-none-eabi/4.8.4/../../../../arm-none-eabi/lib/armv6-m\libg_s.a(lib_a-strlen.o)
                0x0000687c                strlen
 .text._malloc_usable_size_r
                0x0000688a       0x12 c:/freescale/kds_v3/toolchain/bin/../lib/gcc/arm-none-eabi/4.8.4/../../../../arm-none-eabi/lib/armv6-m\libg_s.a(lib_a-nano-msizer.o)
                0x0000688a                _malloc_usable_size_r
 .text._sbrk    0x0000689c       0x34 c:/freescale/kds_v3/toolchain/bin/../lib/gcc/arm-none-eabi/4.8.4/../../../../arm-none-eabi/lib/armv6-m\libnosys.a(sbrk.o)
                0x0000689c                _sbrk
 .text._exit    0x000068d0        0x4 c:/freescale/kds_v3/toolchain/bin/../lib/gcc/arm-none-eabi/4.8.4/../../../../arm-none-eabi/lib/armv6-m\libnosys.a(_exit.o)
                0x000068d0                _exit
 *(.rodata)
 .rodata        0x000068d4       0xd4 ./Sources/data.o
 .rodata        0x000069a8       0x1c ./Sources/dma.o
 .rodata        0x000069c4       0x30 ./Sources/main.o
 .rodata        0x000069f4       0xa8 ./Sources/message.o
 .rodata        0x00006a9c       0xa8 ./Sources/rtc.o
 .rodata        0x00006b44       0xb0 ./Sources/sdcard.o
 .rodata        0x00006bf4       0x40 c:/freescale/kds_v3/toolchain/bin/../lib/gcc/arm-none-eabi/4.8.4/armv6-m\libgcc.a(divdf3.o)
 .rodata        0x00006c34       0x40 c:/freescale/kds_v3/toolchain/bin/../lib/gcc/arm-none-eabi/4.8.4/armv6-m\libgcc.a(muldf3.o)
 *(.rodata*)
 .rodata.str1.4
                0x00006c74        0x4 c:/freescale/kds_v3/toolchain/bin/../lib/gcc/arm-none-eabi/4.8.4/../../../../arm-none-eabi/lib/armv6-m\libm.a(lib_a-w_pow.o)
 .rodata.dp_h   0x00006c78       0x10 c:/freescale/kds_v3/toolchain/bin/../lib/gcc/arm-none-eabi/4.8.4/../../../../arm-none-eabi/lib/armv6-m\libm.a(lib_a-e_pow.o)
 .rodata.dp_l   0x00006c88       0x10 c:/freescale/kds_v3/toolchain/bin/../lib/gcc/arm-none-eabi/4.8.4/../../../../arm-none-eabi/lib/armv6-m\libm.a(lib_a-e_pow.o)
 .rodata.bp     0x00006c98       0x10 c:/freescale/kds_v3/toolchain/bin/../lib/gcc/arm-none-eabi/4.8.4/../../../../arm-none-eabi/lib/armv6-m\libm.a(lib_a-e_pow.o)
 .rodata.str1.4
                0x00006ca8        0x4 c:/freescale/kds_v3/toolchain/bin/../lib/gcc/arm-none-eabi/4.8.4/../../../../arm-none-eabi/lib/armv6-m\libm.a(lib_a-e_pow.o)
 *fill*         0x00006cac        0x4 
 .rodata.TWO52  0x00006cb0       0x10 c:/freescale/kds_v3/toolchain/bin/../lib/gcc/arm-none-eabi/4.8.4/../../../../arm-none-eabi/lib/armv6-m\libm.a(lib_a-s_rint.o)
 .rodata.str1.1
                0x00006cc0        0x2 c:/freescale/kds_v3/toolchain/bin/../lib/gcc/arm-none-eabi/4.8.4/../../../../arm-none-eabi/lib/armv6-m\libg_s.a(lib_a-impure.o)
 *fill*         0x00006cc2        0x2 
 .rodata._global_impure_ptr
                0x00006cc4        0x4 c:/freescale/kds_v3/toolchain/bin/../lib/gcc/arm-none-eabi/4.8.4/../../../../arm-none-eabi/lib/armv6-m\libg_s.a(lib_a-impure.o)
                0x00006cc4                _global_impure_ptr
 .rodata.str1.1
                0x00006cc8       0x11 c:/freescale/kds_v3/toolchain/bin/../lib/gcc/arm-none-eabi/4.8.4/../../../../arm-none-eabi/lib/armv6-m\libg_s.a(lib_a-svfprintf.o)
 .rodata.str1.1
                0x00006cd9       0x22 c:/freescale/kds_v3/toolchain/bin/../lib/gcc/arm-none-eabi/4.8.4/../../../../arm-none-eabi/lib/armv6-m\libg_s.a(lib_a-vfprintf_i.o)
 *fill*         0x00006cfb        0x1 
 .rodata.__sf_fake_stdin
                0x00006cfc       0x20 c:/freescale/kds_v3/toolchain/bin/../lib/gcc/arm-none-eabi/4.8.4/../../../../arm-none-eabi/lib/armv6-m\libg_s.a(lib_a-findfp.o)
                0x00006cfc                __sf_fake_stdin
 .rodata.__sf_fake_stdout
                0x00006d1c       0x20 c:/freescale/kds_v3/toolchain/bin/../lib/gcc/arm-none-eabi/4.8.4/../../../../arm-none-eabi/lib/armv6-m\libg_s.a(lib_a-findfp.o)
                0x00006d1c                __sf_fake_stdout
 .rodata.__sf_fake_stderr
                0x00006d3c       0x20 c:/freescale/kds_v3/toolchain/bin/../lib/gcc/arm-none-eabi/4.8.4/../../../../arm-none-eabi/lib/armv6-m\libg_s.a(lib_a-findfp.o)
                0x00006d3c                __sf_fake_stderr
 *(.glue_7)
 .glue_7        0x00000000        0x0 linker stubs
 *(.glue_7t)
 .glue_7t       0x00000000        0x0 linker stubs
 *(.eh_frame)
 .eh_frame      0x00006d5c        0x0 c:/freescale/kds_v3/toolchain/bin/../lib/gcc/arm-none-eabi/4.8.4/armv6-m/crtbegin.o
 *(.init)
 .init          0x00006d5c        0x4 c:/freescale/kds_v3/toolchain/bin/../lib/gcc/arm-none-eabi/4.8.4/armv6-m/crti.o
                0x00006d5c                _init
 .init          0x00006d60        0x8 c:/freescale/kds_v3/toolchain/bin/../lib/gcc/arm-none-eabi/4.8.4/armv6-m/crtn.o
 *(.fini)
 .fini          0x00006d68        0x4 c:/freescale/kds_v3/toolchain/bin/../lib/gcc/arm-none-eabi/4.8.4/armv6-m/crti.o
                0x00006d68                _fini
 .fini          0x00006d6c        0x8 c:/freescale/kds_v3/toolchain/bin/../lib/gcc/arm-none-eabi/4.8.4/armv6-m/crtn.o
                0x00006d74                . = ALIGN (0x4)

.vfp11_veneer   0x00006d74        0x0
 .vfp11_veneer  0x00000000        0x0 linker stubs

.v4_bx          0x00006d74        0x0
 .v4_bx         0x00000000        0x0 linker stubs

.iplt           0x00006d74        0x0
 .iplt          0x00000000        0x0 c:/freescale/kds_v3/toolchain/bin/../lib/gcc/arm-none-eabi/4.8.4/armv6-m/crtbegin.o

.ARM.extab
 *(.ARM.extab* .gnu.linkonce.armextab.*)

.ARM            0x00006d74        0x8
                0x00006d74                __exidx_start = .
 *(.ARM.exidx*)
 .ARM.exidx     0x00006d74        0x8 c:/freescale/kds_v3/toolchain/bin/../lib/gcc/arm-none-eabi/4.8.4/../../../../arm-none-eabi/lib/armv6-m/crt0.o
                0x00006d7c                __exidx_end = .

.rel.dyn        0x00006d7c        0x0
 .rel.iplt      0x00000000        0x0 c:/freescale/kds_v3/toolchain/bin/../lib/gcc/arm-none-eabi/4.8.4/armv6-m/crtbegin.o

.ctors          0x00006d7c        0x0
                0x00006d7c                __CTOR_LIST__ = .
 *crtbegin.o(.ctors)
 *crtbegin?.o(.ctors)
 *(EXCLUDE_FILE(*crtend.o *crtend?.o) .ctors)
 *(SORT(.ctors.*))
 *(.ctors)
                0x00006d7c                __CTOR_END__ = .

.dtors          0x00006d7c        0x0
                0x00006d7c                __DTOR_LIST__ = .
 *crtbegin.o(.dtors)
 *crtbegin?.o(.dtors)
 *(EXCLUDE_FILE(*crtend.o *crtend?.o) .dtors)
 *(SORT(.dtors.*))
 *(.dtors)
                0x00006d7c                __DTOR_END__ = .

.preinit_array  0x00006d7c        0x0
                0x00006d7c                PROVIDE (__preinit_array_start, .)
 *(.preinit_array*)
                0x00006d7c                PROVIDE (__preinit_array_end, .)

.init_array     0x00006d7c        0x4
                0x00006d7c                PROVIDE (__init_array_start, .)
 *(SORT(.init_array.*))
 *(.init_array*)
 .init_array    0x00006d7c        0x4 c:/freescale/kds_v3/toolchain/bin/../lib/gcc/arm-none-eabi/4.8.4/armv6-m/crtbegin.o
                0x00006d80                PROVIDE (__init_array_end, .)

.fini_array     0x00006d80        0x4
                0x00006d80                PROVIDE (__fini_array_start, .)
 *(SORT(.fini_array.*))
 *(.fini_array*)
 .fini_array    0x00006d80        0x4 c:/freescale/kds_v3/toolchain/bin/../lib/gcc/arm-none-eabi/4.8.4/armv6-m/crtbegin.o
                0x00006d84                PROVIDE (__fini_array_end, .)
                0x00006d84                __etext = .
                0x00006d84                __DATA_ROM = .

.mtb            0x1ffff000        0x0
                0x1ffff000                . = ALIGN (0x8)
                0x1ffff000                _mtb_start = .
 *(.mtb_buf)
                0x1ffff000                . = ALIGN (0x8)
                0x1ffff000                _mtb_end = .

.data           0x1ffff000       0x6c load address 0x00006d84
                0x1ffff000                . = ALIGN (0x4)
                0x1ffff000                __DATA_RAM = .
                0x1ffff000                __data_start__ = .
 *(.data)
 *(.data*)
 .data.value    0x1ffff000        0x2 ./Sources/led.o
                0x1ffff000                value
 .data.__fdlib_version
                0x1ffff002        0x1 c:/freescale/kds_v3/toolchain/bin/../lib/gcc/arm-none-eabi/4.8.4/../../../../arm-none-eabi/lib/armv6-m\libm.a(lib_a-s_lib_ver.o)
                0x1ffff002                __fdlib_version
 *fill*         0x1ffff003        0x1 
 .data.impure_data
                0x1ffff004       0x60 c:/freescale/kds_v3/toolchain/bin/../lib/gcc/arm-none-eabi/4.8.4/../../../../arm-none-eabi/lib/armv6-m\libg_s.a(lib_a-impure.o)
 .data._impure_ptr
                0x1ffff064        0x4 c:/freescale/kds_v3/toolchain/bin/../lib/gcc/arm-none-eabi/4.8.4/../../../../arm-none-eabi/lib/armv6-m\libg_s.a(lib_a-impure.o)
                0x1ffff064                _impure_ptr
 *(.jcr*)
 .jcr           0x1ffff068        0x0 c:/freescale/kds_v3/toolchain/bin/../lib/gcc/arm-none-eabi/4.8.4/armv6-m/crtbegin.o
 .jcr           0x1ffff068        0x4 c:/freescale/kds_v3/toolchain/bin/../lib/gcc/arm-none-eabi/4.8.4/armv6-m/crtend.o
                0x1ffff06c                . = ALIGN (0x4)
                0x1ffff06c                __data_end__ = .
                0x00006df0                __DATA_END = (__DATA_ROM + (__data_end__ - __data_start__))

.igot.plt       0x1ffff06c        0x0 load address 0x00006df0
 .igot.plt      0x00000000        0x0 c:/freescale/kds_v3/toolchain/bin/../lib/gcc/arm-none-eabi/4.8.4/armv6-m/crtbegin.o

.bss            0x1ffff06c      0x2d0 load address 0x00006df0
                0x1ffff06c                . = ALIGN (0x4)
                0x1ffff06c                __START_BSS = .
                0x1ffff06c                __bss_start__ = .
 *(.bss)
 .bss           0x1ffff06c       0x1c c:/freescale/kds_v3/toolchain/bin/../lib/gcc/arm-none-eabi/4.8.4/armv6-m/crtbegin.o
 *(.bss*)
 .bss.LEDColour
                0x1ffff088        0x1 ./Sources/led.o
                0x1ffff088                LEDColour
 *fill*         0x1ffff089        0x3 
 .bss.counter   0x1ffff08c        0x4 ./Sources/profile.o
                0x1ffff08c                counter
 .bss.sd_log_freq
                0x1ffff090        0x4 ./Sources/rtc.o
                0x1ffff090                sd_log_freq
 .bss.da        0x1ffff094        0x1 ./Sources/uart.o
                0x1ffff094                da
 *fill*         0x1ffff095        0x3 
 .bss.__malloc_sbrk_start
                0x1ffff098        0x4 c:/freescale/kds_v3/toolchain/bin/../lib/gcc/arm-none-eabi/4.8.4/../../../../arm-none-eabi/lib/armv6-m\libg_s.a(lib_a-nano-mallocr.o)
                0x1ffff098                __malloc_sbrk_start
 .bss.__malloc_free_list
                0x1ffff09c        0x4 c:/freescale/kds_v3/toolchain/bin/../lib/gcc/arm-none-eabi/4.8.4/../../../../arm-none-eabi/lib/armv6-m\libg_s.a(lib_a-nano-mallocr.o)
                0x1ffff09c                __malloc_free_list
 .bss.heap_end.4246
                0x1ffff0a0        0x4 c:/freescale/kds_v3/toolchain/bin/../lib/gcc/arm-none-eabi/4.8.4/../../../../arm-none-eabi/lib/armv6-m\libnosys.a(sbrk.o)
 *(COMMON)
 COMMON         0x1ffff0a4      0x27a ./Sources/calibrate.o
                0x1ffff0a4                sensor_data
                0x1ffff0cc                tsi_led_flag
                0x1ffff0d0                sd_data
                0x1ffff2d6                tsi_flag
                0x1ffff2d8                rx_buf
                0x1ffff2ec                d
                0x1ffff2f0                tx_buf
                0x1ffff304                UART_flag
                0x1ffff308                sensor
                0x1ffff30c                log_flag
                0x1ffff310                m
 *fill*         0x1ffff31e        0x2 
 COMMON         0x1ffff320       0x14 ./Sources/main.o
                0x1ffff320                cur_time
 COMMON         0x1ffff334        0x3 ./Sources/rtc.o
                0x1ffff334                sd_addr
 *fill*         0x1ffff337        0x1 
 COMMON         0x1ffff338        0x4 c:/freescale/kds_v3/toolchain/bin/../lib/gcc/arm-none-eabi/4.8.4/../../../../arm-none-eabi/lib/armv6-m\libg_s.a(lib_a-reent.o)
                0x1ffff338                errno
                0x1ffff33c                . = ALIGN (0x4)
                0x1ffff33c                __bss_end__ = .
                0x1ffff33c                __END_BSS = .

.heap           0x1ffff33c      0x404 load address 0x000070c0
                0x1ffff340                . = ALIGN (0x8)
 *fill*         0x1ffff33c        0x4 
                0x1ffff340                __end__ = .
                0x1ffff340                PROVIDE (end, .)
                0x1ffff340                __HeapBase = .
                0x1ffff740                . = (. + HEAP_SIZE)
 *fill*         0x1ffff340      0x400 
                0x1ffff740                __HeapLimit = .

.stack          0x1ffff740      0x400 load address 0x000074c4
                0x1ffff740                . = ALIGN (0x8)
                0x1ffffb40                . = (. + STACK_SIZE)
 *fill*         0x1ffff740      0x400 
                0x20003000                __StackTop = (ORIGIN (m_data) + 0x4000)
                0x20002c00                __StackLimit = (__StackTop - STACK_SIZE)
                0x20003000                PROVIDE (__stack, __StackTop)

.ARM.attributes
                0x00000000       0x28
 *(.ARM.attributes)
 .ARM.attributes
                0x00000000       0x1e c:/freescale/kds_v3/toolchain/bin/../lib/gcc/arm-none-eabi/4.8.4/armv6-m/crti.o
 .ARM.attributes
                0x0000001e       0x2c c:/freescale/kds_v3/toolchain/bin/../lib/gcc/arm-none-eabi/4.8.4/armv6-m/crtbegin.o
 .ARM.attributes
                0x0000004a       0x1b c:/freescale/kds_v3/toolchain/bin/../lib/gcc/arm-none-eabi/4.8.4/../../../../arm-none-eabi/lib/armv6-m/crt0.o
 .ARM.attributes
                0x00000065       0x32 ./Sources/I2C.o
 .ARM.attributes
                0x00000097       0x32 ./Sources/SPI.o
 .ARM.attributes
                0x000000c9       0x32 ./Sources/adc.o
 .ARM.attributes
                0x000000fb       0x32 ./Sources/calibrate.o
 .ARM.attributes
                0x0000012d       0x32 ./Sources/circbuf.o
 .ARM.attributes
                0x0000015f       0x32 ./Sources/dac.o
 .ARM.attributes
                0x00000191       0x32 ./Sources/data.o
 .ARM.attributes
                0x000001c3       0x32 ./Sources/dma.o
 .ARM.attributes
                0x000001f5       0x32 ./Sources/led.o
 .ARM.attributes
                0x00000227       0x32 ./Sources/log.o
 .ARM.attributes
                0x00000259       0x32 ./Sources/main.o
 .ARM.attributes
                0x0000028b       0x32 ./Sources/message.o
 .ARM.attributes
                0x000002bd       0x32 ./Sources/motor.o
 .ARM.attributes
                0x000002ef       0x32 ./Sources/profile.o
 .ARM.attributes
                0x00000321       0x32 ./Sources/rtc.o
 .ARM.attributes
                0x00000353       0x32 ./Sources/sdcard.o
 .ARM.attributes
                0x00000385       0x32 ./Sources/tsi.o
 .ARM.attributes
                0x000003b7       0x32 ./Sources/uart.o
 .ARM.attributes
                0x000003e9       0x1b ./Project_Settings/Startup_Code/startup_MKL25Z4.o
 .ARM.attributes
                0x00000404       0x32 ./Project_Settings/Startup_Code/system_MKL25Z4.o
 .ARM.attributes
                0x00000436       0x2c c:/freescale/kds_v3/toolchain/bin/../lib/gcc/arm-none-eabi/4.8.4/../../../../arm-none-eabi/lib/armv6-m\libm.a(lib_a-w_pow.o)
 .ARM.attributes
                0x00000462       0x2c c:/freescale/kds_v3/toolchain/bin/../lib/gcc/arm-none-eabi/4.8.4/../../../../arm-none-eabi/lib/armv6-m\libm.a(lib_a-e_pow.o)
 .ARM.attributes
                0x0000048e       0x2c c:/freescale/kds_v3/toolchain/bin/../lib/gcc/arm-none-eabi/4.8.4/../../../../arm-none-eabi/lib/armv6-m\libm.a(lib_a-e_sqrt.o)
 .ARM.attributes
                0x000004ba       0x2c c:/freescale/kds_v3/toolchain/bin/../lib/gcc/arm-none-eabi/4.8.4/../../../../arm-none-eabi/lib/armv6-m\libm.a(lib_a-s_fabs.o)
 .ARM.attributes
                0x000004e6       0x2c c:/freescale/kds_v3/toolchain/bin/../lib/gcc/arm-none-eabi/4.8.4/../../../../arm-none-eabi/lib/armv6-m\libm.a(lib_a-s_finite.o)
 .ARM.attributes
                0x00000512       0x2c c:/freescale/kds_v3/toolchain/bin/../lib/gcc/arm-none-eabi/4.8.4/../../../../arm-none-eabi/lib/armv6-m\libm.a(lib_a-s_fpclassify.o)
 .ARM.attributes
                0x0000053e       0x2c c:/freescale/kds_v3/toolchain/bin/../lib/gcc/arm-none-eabi/4.8.4/../../../../arm-none-eabi/lib/armv6-m\libm.a(lib_a-s_lib_ver.o)
 .ARM.attributes
                0x0000056a       0x2c c:/freescale/kds_v3/toolchain/bin/../lib/gcc/arm-none-eabi/4.8.4/../../../../arm-none-eabi/lib/armv6-m\libm.a(lib_a-s_matherr.o)
 .ARM.attributes
                0x00000596       0x2c c:/freescale/kds_v3/toolchain/bin/../lib/gcc/arm-none-eabi/4.8.4/../../../../arm-none-eabi/lib/armv6-m\libm.a(lib_a-s_nan.o)
 .ARM.attributes
                0x000005c2       0x2c c:/freescale/kds_v3/toolchain/bin/../lib/gcc/arm-none-eabi/4.8.4/../../../../arm-none-eabi/lib/armv6-m\libm.a(lib_a-s_rint.o)
 .ARM.attributes
                0x000005ee       0x2c c:/freescale/kds_v3/toolchain/bin/../lib/gcc/arm-none-eabi/4.8.4/../../../../arm-none-eabi/lib/armv6-m\libm.a(lib_a-s_scalbn.o)
 .ARM.attributes
                0x0000061a       0x2c c:/freescale/kds_v3/toolchain/bin/../lib/gcc/arm-none-eabi/4.8.4/../../../../arm-none-eabi/lib/armv6-m\libm.a(lib_a-s_copysign.o)
 .ARM.attributes
                0x00000646       0x1e c:/freescale/kds_v3/toolchain/bin/../lib/gcc/arm-none-eabi/4.8.4/armv6-m\libgcc.a(_udivsi3.o)
 .ARM.attributes
                0x00000664       0x1e c:/freescale/kds_v3/toolchain/bin/../lib/gcc/arm-none-eabi/4.8.4/armv6-m\libgcc.a(_divsi3.o)
 .ARM.attributes
                0x00000682       0x1e c:/freescale/kds_v3/toolchain/bin/../lib/gcc/arm-none-eabi/4.8.4/armv6-m\libgcc.a(_dvmd_tls.o)
 .ARM.attributes
                0x000006a0       0x1e c:/freescale/kds_v3/toolchain/bin/../lib/gcc/arm-none-eabi/4.8.4/armv6-m\libgcc.a(_arm_cmpdf2.o)
 .ARM.attributes
                0x000006be       0x1e c:/freescale/kds_v3/toolchain/bin/../lib/gcc/arm-none-eabi/4.8.4/armv6-m\libgcc.a(_arm_cmpsf2.o)
 .ARM.attributes
                0x000006dc       0x2c c:/freescale/kds_v3/toolchain/bin/../lib/gcc/arm-none-eabi/4.8.4/armv6-m\libgcc.a(_fixunsdfsi.o)
 .ARM.attributes
                0x00000708       0x2c c:/freescale/kds_v3/toolchain/bin/../lib/gcc/arm-none-eabi/4.8.4/armv6-m\libgcc.a(eqsf2.o)
 .ARM.attributes
                0x00000734       0x2c c:/freescale/kds_v3/toolchain/bin/../lib/gcc/arm-none-eabi/4.8.4/armv6-m\libgcc.a(gesf2.o)
 .ARM.attributes
                0x00000760       0x2c c:/freescale/kds_v3/toolchain/bin/../lib/gcc/arm-none-eabi/4.8.4/armv6-m\libgcc.a(lesf2.o)
 .ARM.attributes
                0x0000078c       0x2c c:/freescale/kds_v3/toolchain/bin/../lib/gcc/arm-none-eabi/4.8.4/armv6-m\libgcc.a(subsf3.o)
 .ARM.attributes
                0x000007b8       0x2c c:/freescale/kds_v3/toolchain/bin/../lib/gcc/arm-none-eabi/4.8.4/armv6-m\libgcc.a(fixsfsi.o)
 .ARM.attributes
                0x000007e4       0x2c c:/freescale/kds_v3/toolchain/bin/../lib/gcc/arm-none-eabi/4.8.4/armv6-m\libgcc.a(floatsisf.o)
 .ARM.attributes
                0x00000810       0x2c c:/freescale/kds_v3/toolchain/bin/../lib/gcc/arm-none-eabi/4.8.4/armv6-m\libgcc.a(floatunsisf.o)
 .ARM.attributes
                0x0000083c       0x2c c:/freescale/kds_v3/toolchain/bin/../lib/gcc/arm-none-eabi/4.8.4/armv6-m\libgcc.a(adddf3.o)
 .ARM.attributes
                0x00000868       0x2c c:/freescale/kds_v3/toolchain/bin/../lib/gcc/arm-none-eabi/4.8.4/armv6-m\libgcc.a(divdf3.o)
 .ARM.attributes
                0x00000894       0x2c c:/freescale/kds_v3/toolchain/bin/../lib/gcc/arm-none-eabi/4.8.4/armv6-m\libgcc.a(eqdf2.o)
 .ARM.attributes
                0x000008c0       0x2c c:/freescale/kds_v3/toolchain/bin/../lib/gcc/arm-none-eabi/4.8.4/armv6-m\libgcc.a(gedf2.o)
 .ARM.attributes
                0x000008ec       0x2c c:/freescale/kds_v3/toolchain/bin/../lib/gcc/arm-none-eabi/4.8.4/armv6-m\libgcc.a(ledf2.o)
 .ARM.attributes
                0x00000918       0x2c c:/freescale/kds_v3/toolchain/bin/../lib/gcc/arm-none-eabi/4.8.4/armv6-m\libgcc.a(muldf3.o)
 .ARM.attributes
                0x00000944       0x2c c:/freescale/kds_v3/toolchain/bin/../lib/gcc/arm-none-eabi/4.8.4/armv6-m\libgcc.a(subdf3.o)
 .ARM.attributes
                0x00000970       0x2c c:/freescale/kds_v3/toolchain/bin/../lib/gcc/arm-none-eabi/4.8.4/armv6-m\libgcc.a(fixdfsi.o)
 .ARM.attributes
                0x0000099c       0x2c c:/freescale/kds_v3/toolchain/bin/../lib/gcc/arm-none-eabi/4.8.4/armv6-m\libgcc.a(floatsidf.o)
 .ARM.attributes
                0x000009c8       0x2c c:/freescale/kds_v3/toolchain/bin/../lib/gcc/arm-none-eabi/4.8.4/armv6-m\libgcc.a(floatunsidf.o)
 .ARM.attributes
                0x000009f4       0x2c c:/freescale/kds_v3/toolchain/bin/../lib/gcc/arm-none-eabi/4.8.4/armv6-m\libgcc.a(extendsfdf2.o)
 .ARM.attributes
                0x00000a20       0x2c c:/freescale/kds_v3/toolchain/bin/../lib/gcc/arm-none-eabi/4.8.4/armv6-m\libgcc.a(truncdfsf2.o)
 .ARM.attributes
                0x00000a4c       0x1e c:/freescale/kds_v3/toolchain/bin/../lib/gcc/arm-none-eabi/4.8.4/armv6-m\libgcc.a(_clzsi2.o)
 .ARM.attributes
                0x00000a6a       0x2c c:/freescale/kds_v3/toolchain/bin/../lib/gcc/arm-none-eabi/4.8.4/../../../../arm-none-eabi/lib/armv6-m\libg_s.a(lib_a-errno.o)
 .ARM.attributes
                0x00000a96       0x2c c:/freescale/kds_v3/toolchain/bin/../lib/gcc/arm-none-eabi/4.8.4/../../../../arm-none-eabi/lib/armv6-m\libg_s.a(lib_a-exit.o)
 .ARM.attributes
                0x00000ac2       0x2c c:/freescale/kds_v3/toolchain/bin/../lib/gcc/arm-none-eabi/4.8.4/../../../../arm-none-eabi/lib/armv6-m\libg_s.a(lib_a-impure.o)
 .ARM.attributes
                0x00000aee       0x2c c:/freescale/kds_v3/toolchain/bin/../lib/gcc/arm-none-eabi/4.8.4/../../../../arm-none-eabi/lib/armv6-m\libg_s.a(lib_a-init.o)
 .ARM.attributes
                0x00000b1a       0x2c c:/freescale/kds_v3/toolchain/bin/../lib/gcc/arm-none-eabi/4.8.4/../../../../arm-none-eabi/lib/armv6-m\libg_s.a(lib_a-malloc.o)
 .ARM.attributes
                0x00000b46       0x2c c:/freescale/kds_v3/toolchain/bin/../lib/gcc/arm-none-eabi/4.8.4/../../../../arm-none-eabi/lib/armv6-m\libg_s.a(lib_a-memcpy-stub.o)
 .ARM.attributes
                0x00000b72       0x2c c:/freescale/kds_v3/toolchain/bin/../lib/gcc/arm-none-eabi/4.8.4/../../../../arm-none-eabi/lib/armv6-m\libg_s.a(lib_a-memset.o)
 .ARM.attributes
                0x00000b9e       0x2c c:/freescale/kds_v3/toolchain/bin/../lib/gcc/arm-none-eabi/4.8.4/../../../../arm-none-eabi/lib/armv6-m\libg_s.a(lib_a-nano-freer.o)
 .ARM.attributes
                0x00000bca       0x2c c:/freescale/kds_v3/toolchain/bin/../lib/gcc/arm-none-eabi/4.8.4/../../../../arm-none-eabi/lib/armv6-m\libg_s.a(lib_a-nano-mallocr.o)
 .ARM.attributes
                0x00000bf6       0x2c c:/freescale/kds_v3/toolchain/bin/../lib/gcc/arm-none-eabi/4.8.4/../../../../arm-none-eabi/lib/armv6-m\libg_s.a(lib_a-sbrkr.o)
 .ARM.attributes
                0x00000c22       0x2c c:/freescale/kds_v3/toolchain/bin/../lib/gcc/arm-none-eabi/4.8.4/../../../../arm-none-eabi/lib/armv6-m\libg_s.a(lib_a-sprintf.o)
 .ARM.attributes
                0x00000c4e       0x2c c:/freescale/kds_v3/toolchain/bin/../lib/gcc/arm-none-eabi/4.8.4/../../../../arm-none-eabi/lib/armv6-m\libg_s.a(lib_a-svfprintf.o)
 .ARM.attributes
                0x00000c7a       0x2c c:/freescale/kds_v3/toolchain/bin/../lib/gcc/arm-none-eabi/4.8.4/../../../../arm-none-eabi/lib/armv6-m\libg_s.a(lib_a-vfprintf_i.o)
 .ARM.attributes
                0x00000ca6       0x2c c:/freescale/kds_v3/toolchain/bin/../lib/gcc/arm-none-eabi/4.8.4/../../../../arm-none-eabi/lib/armv6-m\libg_s.a(lib_a-findfp.o)
 .ARM.attributes
                0x00000cd2       0x2c c:/freescale/kds_v3/toolchain/bin/../lib/gcc/arm-none-eabi/4.8.4/../../../../arm-none-eabi/lib/armv6-m\libg_s.a(lib_a-memchr-stub.o)
 .ARM.attributes
                0x00000cfe       0x2c c:/freescale/kds_v3/toolchain/bin/../lib/gcc/arm-none-eabi/4.8.4/../../../../arm-none-eabi/lib/armv6-m\libg_s.a(lib_a-memmove.o)
 .ARM.attributes
                0x00000d2a       0x2c c:/freescale/kds_v3/toolchain/bin/../lib/gcc/arm-none-eabi/4.8.4/../../../../arm-none-eabi/lib/armv6-m\libg_s.a(lib_a-nano-reallocr.o)
 .ARM.attributes
                0x00000d56       0x2c c:/freescale/kds_v3/toolchain/bin/../lib/gcc/arm-none-eabi/4.8.4/../../../../arm-none-eabi/lib/armv6-m\libg_s.a(lib_a-reent.o)
 .ARM.attributes
                0x00000d82       0x2c c:/freescale/kds_v3/toolchain/bin/../lib/gcc/arm-none-eabi/4.8.4/../../../../arm-none-eabi/lib/armv6-m\libg_s.a(lib_a-strlen.o)
 .ARM.attributes
                0x00000dae       0x2c c:/freescale/kds_v3/toolchain/bin/../lib/gcc/arm-none-eabi/4.8.4/../../../../arm-none-eabi/lib/armv6-m\libg_s.a(lib_a-nano-msizer.o)
 .ARM.attributes
                0x00000dda       0x2c c:/freescale/kds_v3/toolchain/bin/../lib/gcc/arm-none-eabi/4.8.4/../../../../arm-none-eabi/lib/armv6-m\libnosys.a(sbrk.o)
 .ARM.attributes
                0x00000e06       0x2c c:/freescale/kds_v3/toolchain/bin/../lib/gcc/arm-none-eabi/4.8.4/../../../../arm-none-eabi/lib/armv6-m\libnosys.a(_exit.o)
 .ARM.attributes
                0x00000e32       0x2c c:/freescale/kds_v3/toolchain/bin/../lib/gcc/arm-none-eabi/4.8.4/armv6-m/crtend.o
 .ARM.attributes
                0x00000e5e       0x1e c:/freescale/kds_v3/toolchain/bin/../lib/gcc/arm-none-eabi/4.8.4/armv6-m/crtn.o
                0x00000001                ASSERT ((__StackLimit >= __HeapLimit), region m_data overflowed with stack and heap)
OUTPUT(projet4.elf elf32-littlearm)

.debug_info     0x00000000     0x685f
 .debug_info    0x00000000      0x4f0 ./Sources/I2C.o
 .debug_info    0x000004f0      0x453 ./Sources/SPI.o
 .debug_info    0x00000943      0x4b8 ./Sources/adc.o
 .debug_info    0x00000dfb      0x31f ./Sources/calibrate.o
 .debug_info    0x0000111a      0x25d ./Sources/circbuf.o
 .debug_info    0x00001377      0x550 ./Sources/dac.o
 .debug_info    0x000018c7      0x3ab ./Sources/data.o
 .debug_info    0x00001c72      0x706 ./Sources/dma.o
 .debug_info    0x00002378      0x4d8 ./Sources/led.o
 .debug_info    0x00002850      0x352 ./Sources/log.o
 .debug_info    0x00002ba2      0x49e ./Sources/main.o
 .debug_info    0x00003040      0x30c ./Sources/message.o
 .debug_info    0x0000334c      0x63e ./Sources/motor.o
 .debug_info    0x0000398a      0x8f9 ./Sources/profile.o
 .debug_info    0x00004283      0xb1a ./Sources/rtc.o
 .debug_info    0x00004d9d      0x628 ./Sources/sdcard.o
 .debug_info    0x000053c5      0x8df ./Sources/tsi.o
 .debug_info    0x00005ca4      0x747 ./Sources/uart.o
 .debug_info    0x000063eb       0x87 ./Project_Settings/Startup_Code/startup_MKL25Z4.o
 .debug_info    0x00006472      0x3ed ./Project_Settings/Startup_Code/system_MKL25Z4.o

.debug_abbrev   0x00000000     0x1aa5
 .debug_abbrev  0x00000000      0x162 ./Sources/I2C.o
 .debug_abbrev  0x00000162      0x12a ./Sources/SPI.o
 .debug_abbrev  0x0000028c      0x123 ./Sources/adc.o
 .debug_abbrev  0x000003af       0xfa ./Sources/calibrate.o
 .debug_abbrev  0x000004a9      0x11d ./Sources/circbuf.o
 .debug_abbrev  0x000005c6      0x142 ./Sources/dac.o
 .debug_abbrev  0x00000708       0xf2 ./Sources/data.o
 .debug_abbrev  0x000007fa      0x1d3 ./Sources/dma.o
 .debug_abbrev  0x000009cd      0x140 ./Sources/led.o
 .debug_abbrev  0x00000b0d      0x127 ./Sources/log.o
 .debug_abbrev  0x00000c34      0x151 ./Sources/main.o
 .debug_abbrev  0x00000d85      0x11f ./Sources/message.o
 .debug_abbrev  0x00000ea4      0x16b ./Sources/motor.o
 .debug_abbrev  0x0000100f      0x1d7 ./Sources/profile.o
 .debug_abbrev  0x000011e6      0x23f ./Sources/rtc.o
 .debug_abbrev  0x00001425      0x1ab ./Sources/sdcard.o
 .debug_abbrev  0x000015d0      0x1ce ./Sources/tsi.o
 .debug_abbrev  0x0000179e      0x1ea ./Sources/uart.o
 .debug_abbrev  0x00001988       0x14 ./Project_Settings/Startup_Code/startup_MKL25Z4.o
 .debug_abbrev  0x0000199c      0x109 ./Project_Settings/Startup_Code/system_MKL25Z4.o

.debug_aranges  0x00000000      0x438
 .debug_aranges
                0x00000000       0x40 ./Sources/I2C.o
 .debug_aranges
                0x00000040       0x38 ./Sources/SPI.o
 .debug_aranges
                0x00000078       0x28 ./Sources/adc.o
 .debug_aranges
                0x000000a0       0x28 ./Sources/calibrate.o
 .debug_aranges
                0x000000c8       0x48 ./Sources/circbuf.o
 .debug_aranges
                0x00000110       0x20 ./Sources/dac.o
 .debug_aranges
                0x00000130       0x58 ./Sources/data.o
 .debug_aranges
                0x00000188       0x38 ./Sources/dma.o
 .debug_aranges
                0x000001c0       0x30 ./Sources/led.o
 .debug_aranges
                0x000001f0       0x30 ./Sources/log.o
 .debug_aranges
                0x00000220       0x20 ./Sources/main.o
 .debug_aranges
                0x00000240       0x20 ./Sources/message.o
 .debug_aranges
                0x00000260       0x28 ./Sources/motor.o
 .debug_aranges
                0x00000288       0x48 ./Sources/profile.o
 .debug_aranges
                0x000002d0       0x40 ./Sources/rtc.o
 .debug_aranges
                0x00000310       0x68 ./Sources/sdcard.o
 .debug_aranges
                0x00000378       0x48 ./Sources/tsi.o
 .debug_aranges
                0x000003c0       0x30 ./Sources/uart.o
 .debug_aranges
                0x000003f0       0x20 ./Project_Settings/Startup_Code/startup_MKL25Z4.o
 .debug_aranges
                0x00000410       0x28 ./Project_Settings/Startup_Code/system_MKL25Z4.o

.debug_ranges   0x00000000      0x2e8
 .debug_ranges  0x00000000       0x30 ./Sources/I2C.o
 .debug_ranges  0x00000030       0x28 ./Sources/SPI.o
 .debug_ranges  0x00000058       0x18 ./Sources/adc.o
 .debug_ranges  0x00000070       0x18 ./Sources/calibrate.o
 .debug_ranges  0x00000088       0x38 ./Sources/circbuf.o
 .debug_ranges  0x000000c0       0x10 ./Sources/dac.o
 .debug_ranges  0x000000d0       0x48 ./Sources/data.o
 .debug_ranges  0x00000118       0x28 ./Sources/dma.o
 .debug_ranges  0x00000140       0x20 ./Sources/led.o
 .debug_ranges  0x00000160       0x20 ./Sources/log.o
 .debug_ranges  0x00000180       0x10 ./Sources/main.o
 .debug_ranges  0x00000190       0x10 ./Sources/message.o
 .debug_ranges  0x000001a0       0x18 ./Sources/motor.o
 .debug_ranges  0x000001b8       0x38 ./Sources/profile.o
 .debug_ranges  0x000001f0       0x30 ./Sources/rtc.o
 .debug_ranges  0x00000220       0x58 ./Sources/sdcard.o
 .debug_ranges  0x00000278       0x38 ./Sources/tsi.o
 .debug_ranges  0x000002b0       0x20 ./Sources/uart.o
 .debug_ranges  0x000002d0       0x18 ./Project_Settings/Startup_Code/system_MKL25Z4.o

.debug_macro    0x00000000     0xb946
 .debug_macro   0x00000000      0x154 ./Sources/I2C.o
 .debug_macro   0x00000154      0x802 ./Sources/I2C.o
 .debug_macro   0x00000956       0x16 ./Sources/I2C.o
 .debug_macro   0x0000096c       0x16 ./Sources/I2C.o
 .debug_macro   0x00000982       0x44 ./Sources/I2C.o
 .debug_macro   0x000009c6      0x209 ./Sources/I2C.o
 .debug_macro   0x00000bcf       0x3a ./Sources/I2C.o
 .debug_macro   0x00000c09       0x3a ./Sources/I2C.o
 .debug_macro   0x00000c43       0x26 ./Sources/I2C.o
 .debug_macro   0x00000c69      0x306 ./Sources/I2C.o
 .debug_macro   0x00000f6f       0x63 ./Sources/I2C.o
 .debug_macro   0x00000fd2     0x839f ./Sources/I2C.o
 .debug_macro   0x00009371       0x58 ./Sources/I2C.o
 .debug_macro   0x000093c9       0x35 ./Sources/I2C.o
 .debug_macro   0x000093fe       0xa3 ./Sources/I2C.o
 .debug_macro   0x000094a1       0x16 ./Sources/I2C.o
 .debug_macro   0x000094b7       0x97 ./Sources/I2C.o
 .debug_macro   0x0000954e       0x10 ./Sources/I2C.o
 .debug_macro   0x0000955e       0xef ./Sources/I2C.o
 .debug_macro   0x0000964d       0x52 ./Sources/I2C.o
 .debug_macro   0x0000969f       0x16 ./Sources/I2C.o
 .debug_macro   0x000096b5       0x43 ./Sources/I2C.o
 .debug_macro   0x000096f8      0x180 ./Sources/I2C.o
 .debug_macro   0x00009878       0x10 ./Sources/I2C.o
 .debug_macro   0x00009888       0x22 ./Sources/I2C.o
 .debug_macro   0x000098aa       0xbd ./Sources/I2C.o
 .debug_macro   0x00009967       0x16 ./Sources/I2C.o
 .debug_macro   0x0000997d      0x14a ./Sources/I2C.o
 .debug_macro   0x00009ac7       0x3a ./Sources/I2C.o
 .debug_macro   0x00009b01       0x8d ./Sources/SPI.o
 .debug_macro   0x00009b8e      0x155 ./Sources/adc.o
 .debug_macro   0x00009ce3      0x1c8 ./Sources/calibrate.o
 .debug_macro   0x00009eab       0x10 ./Sources/calibrate.o
 .debug_macro   0x00009ebb       0x10 ./Sources/calibrate.o
 .debug_macro   0x00009ecb       0x16 ./Sources/calibrate.o
 .debug_macro   0x00009ee1       0x10 ./Sources/calibrate.o
 .debug_macro   0x00009ef1      0x166 ./Sources/calibrate.o
 .debug_macro   0x0000a057       0x35 ./Sources/calibrate.o
 .debug_macro   0x0000a08c       0x3c ./Sources/calibrate.o
 .debug_macro   0x0000a0c8      0x132 ./Sources/circbuf.o
 .debug_macro   0x0000a1fa       0x4a ./Sources/circbuf.o
 .debug_macro   0x0000a244       0x16 ./Sources/circbuf.o
 .debug_macro   0x0000a25a       0x22 ./Sources/circbuf.o
 .debug_macro   0x0000a27c      0x20f ./Sources/circbuf.o
 .debug_macro   0x0000a48b      0x197 ./Sources/dac.o
 .debug_macro   0x0000a622      0x162 ./Sources/data.o
 .debug_macro   0x0000a784       0xde ./Sources/data.o
 .debug_macro   0x0000a862       0x1c ./Sources/data.o
 .debug_macro   0x0000a87e       0xa5 ./Sources/dma.o
 .debug_macro   0x0000a923      0x118 ./Sources/led.o
 .debug_macro   0x0000aa3b      0x184 ./Sources/log.o
 .debug_macro   0x0000abbf      0x1db ./Sources/main.o
 .debug_macro   0x0000ad9a       0x10 ./Sources/main.o
 .debug_macro   0x0000adaa      0x18d ./Sources/message.o
 .debug_macro   0x0000af37      0x1c8 ./Sources/motor.o
 .debug_macro   0x0000b0ff      0x1db ./Sources/profile.o
 .debug_macro   0x0000b2da      0x1b4 ./Sources/rtc.o
 .debug_macro   0x0000b48e      0x1bd ./Sources/sdcard.o
 .debug_macro   0x0000b64b      0x18d ./Sources/tsi.o
 .debug_macro   0x0000b7d8       0xa4 ./Sources/uart.o
 .debug_macro   0x0000b87c       0x7e ./Project_Settings/Startup_Code/system_MKL25Z4.o
 .debug_macro   0x0000b8fa       0x4c ./Project_Settings/Startup_Code/system_MKL25Z4.o

.debug_line     0x00000000     0x3b45
 .debug_line    0x00000000      0x443 ./Sources/I2C.o
 .debug_line    0x00000443      0x21e ./Sources/SPI.o
 .debug_line    0x00000661      0x297 ./Sources/adc.o
 .debug_line    0x000008f8      0x30a ./Sources/calibrate.o
 .debug_line    0x00000c02      0x2b1 ./Sources/circbuf.o
 .debug_line    0x00000eb3      0x2bd ./Sources/dac.o
 .debug_line    0x00001170      0x3b4 ./Sources/data.o
 .debug_line    0x00001524      0x24e ./Sources/dma.o
 .debug_line    0x00001772      0x2a7 ./Sources/led.o
 .debug_line    0x00001a19      0x304 ./Sources/log.o
 .debug_line    0x00001d1d      0x37a ./Sources/main.o
 .debug_line    0x00002097      0x2ea ./Sources/message.o
 .debug_line    0x00002381      0x30e ./Sources/motor.o
 .debug_line    0x0000268f      0x375 ./Sources/profile.o
 .debug_line    0x00002a04      0x3af ./Sources/rtc.o
 .debug_line    0x00002db3      0x514 ./Sources/sdcard.o
 .debug_line    0x000032c7      0x375 ./Sources/tsi.o
 .debug_line    0x0000363c      0x24e ./Sources/uart.o
 .debug_line    0x0000388a       0x7b ./Project_Settings/Startup_Code/startup_MKL25Z4.o
 .debug_line    0x00003905      0x240 ./Project_Settings/Startup_Code/system_MKL25Z4.o

.debug_str      0x00000000    0x3504f
 .debug_str     0x00000000    0x33c0d ./Sources/I2C.o
                              0x34098 (size before relaxing)
 .debug_str     0x00033c0d       0x7a ./Sources/SPI.o
                              0x31efa (size before relaxing)
 .debug_str     0x00033c87       0x8e ./Sources/adc.o
                              0x33ec6 (size before relaxing)
 .debug_str     0x00033d15      0x376 ./Sources/calibrate.o
                              0x33899 (size before relaxing)
 .debug_str     0x0003408b      0x162 ./Sources/circbuf.o
                               0x4f0b (size before relaxing)
 .debug_str     0x000341ed       0x2d ./Sources/dac.o
                              0x33759 (size before relaxing)
 .debug_str     0x0003421a      0x6f9 ./Sources/data.o
                              0x34484 (size before relaxing)
 .debug_str     0x00034913      0x289 ./Sources/dma.o
                              0x32211 (size before relaxing)
 .debug_str     0x00034b9c       0xab ./Sources/led.o
                              0x33b65 (size before relaxing)
 .debug_str     0x00034c47       0x3f ./Sources/log.o
                              0x33ef5 (size before relaxing)
 .debug_str     0x00034c86       0x8b ./Sources/main.o
                              0x33954 (size before relaxing)
 .debug_str     0x00034d11       0x2e ./Sources/message.o
                              0x33673 (size before relaxing)
 .debug_str     0x00034d3f       0x25 ./Sources/motor.o
                              0x33999 (size before relaxing)
 .debug_str     0x00034d64       0x9f ./Sources/profile.o
                              0x33c4a (size before relaxing)
 .debug_str     0x00034e03       0x84 ./Sources/rtc.o
                              0x33c71 (size before relaxing)
 .debug_str     0x00034e87       0xa0 ./Sources/sdcard.o
                              0x33922 (size before relaxing)
 .debug_str     0x00034f27       0x72 ./Sources/tsi.o
                              0x33a14 (size before relaxing)
 .debug_str     0x00034f99       0x3f ./Sources/uart.o
                              0x32207 (size before relaxing)
 .debug_str     0x00034fd8       0x77 ./Project_Settings/Startup_Code/system_MKL25Z4.o
                              0x31f05 (size before relaxing)

.comment        0x00000000       0x70
 .comment       0x00000000       0x70 ./Sources/I2C.o
                                 0x71 (size before relaxing)
 .comment       0x00000000       0x71 ./Sources/SPI.o
 .comment       0x00000000       0x71 ./Sources/adc.o
 .comment       0x00000000       0x71 ./Sources/calibrate.o
 .comment       0x00000000       0x71 ./Sources/circbuf.o
 .comment       0x00000000       0x71 ./Sources/dac.o
 .comment       0x00000000       0x71 ./Sources/data.o
 .comment       0x00000000       0x71 ./Sources/dma.o
 .comment       0x00000000       0x71 ./Sources/led.o
 .comment       0x00000000       0x71 ./Sources/log.o
 .comment       0x00000000       0x71 ./Sources/main.o
 .comment       0x00000000       0x71 ./Sources/message.o
 .comment       0x00000000       0x71 ./Sources/motor.o
 .comment       0x00000000       0x71 ./Sources/profile.o
 .comment       0x00000000       0x71 ./Sources/rtc.o
 .comment       0x00000000       0x71 ./Sources/sdcard.o
 .comment       0x00000000       0x71 ./Sources/tsi.o
 .comment       0x00000000       0x71 ./Sources/uart.o
 .comment       0x00000000       0x71 ./Project_Settings/Startup_Code/system_MKL25Z4.o

.debug_frame    0x00000000     0x1574
 .debug_frame   0x00000000       0xac ./Sources/I2C.o
 .debug_frame   0x000000ac       0x84 ./Sources/SPI.o
 .debug_frame   0x00000130       0x4c ./Sources/adc.o
 .debug_frame   0x0000017c       0x50 ./Sources/calibrate.o
 .debug_frame   0x000001cc       0xd0 ./Sources/circbuf.o
 .debug_frame   0x0000029c       0x2c ./Sources/dac.o
 .debug_frame   0x000002c8      0x118 ./Sources/data.o
 .debug_frame   0x000003e0       0x90 ./Sources/dma.o
 .debug_frame   0x00000470       0x6c ./Sources/led.o
 .debug_frame   0x000004dc       0x70 ./Sources/log.o
 .debug_frame   0x0000054c       0x30 ./Sources/main.o
 .debug_frame   0x0000057c       0x30 ./Sources/message.o
 .debug_frame   0x000005ac       0x4c ./Sources/motor.o
 .debug_frame   0x000005f8       0xc0 ./Sources/profile.o
 .debug_frame   0x000006b8       0xac ./Sources/rtc.o
 .debug_frame   0x00000764      0x168 ./Sources/sdcard.o
 .debug_frame   0x000008cc       0xc0 ./Sources/tsi.o
 .debug_frame   0x0000098c       0x70 ./Sources/uart.o
 .debug_frame   0x000009fc       0x4c ./Project_Settings/Startup_Code/system_MKL25Z4.o
 .debug_frame   0x00000a48       0x38 c:/freescale/kds_v3/toolchain/bin/../lib/gcc/arm-none-eabi/4.8.4/../../../../arm-none-eabi/lib/armv6-m\libm.a(lib_a-w_pow.o)
 .debug_frame   0x00000a80       0x3c c:/freescale/kds_v3/toolchain/bin/../lib/gcc/arm-none-eabi/4.8.4/../../../../arm-none-eabi/lib/armv6-m\libm.a(lib_a-e_pow.o)
 .debug_frame   0x00000abc       0x3c c:/freescale/kds_v3/toolchain/bin/../lib/gcc/arm-none-eabi/4.8.4/../../../../arm-none-eabi/lib/armv6-m\libm.a(lib_a-e_sqrt.o)
 .debug_frame   0x00000af8       0x20 c:/freescale/kds_v3/toolchain/bin/../lib/gcc/arm-none-eabi/4.8.4/../../../../arm-none-eabi/lib/armv6-m\libm.a(lib_a-s_fabs.o)
 .debug_frame   0x00000b18       0x20 c:/freescale/kds_v3/toolchain/bin/../lib/gcc/arm-none-eabi/4.8.4/../../../../arm-none-eabi/lib/armv6-m\libm.a(lib_a-s_finite.o)
 .debug_frame   0x00000b38       0x2c c:/freescale/kds_v3/toolchain/bin/../lib/gcc/arm-none-eabi/4.8.4/../../../../arm-none-eabi/lib/armv6-m\libm.a(lib_a-s_fpclassify.o)
 .debug_frame   0x00000b64       0x20 c:/freescale/kds_v3/toolchain/bin/../lib/gcc/arm-none-eabi/4.8.4/../../../../arm-none-eabi/lib/armv6-m\libm.a(lib_a-s_matherr.o)
 .debug_frame   0x00000b84       0x20 c:/freescale/kds_v3/toolchain/bin/../lib/gcc/arm-none-eabi/4.8.4/../../../../arm-none-eabi/lib/armv6-m\libm.a(lib_a-s_nan.o)
 .debug_frame   0x00000ba4       0x38 c:/freescale/kds_v3/toolchain/bin/../lib/gcc/arm-none-eabi/4.8.4/../../../../arm-none-eabi/lib/armv6-m\libm.a(lib_a-s_rint.o)
 .debug_frame   0x00000bdc       0x30 c:/freescale/kds_v3/toolchain/bin/../lib/gcc/arm-none-eabi/4.8.4/../../../../arm-none-eabi/lib/armv6-m\libm.a(lib_a-s_scalbn.o)
 .debug_frame   0x00000c0c       0x2c c:/freescale/kds_v3/toolchain/bin/../lib/gcc/arm-none-eabi/4.8.4/../../../../arm-none-eabi/lib/armv6-m\libm.a(lib_a-s_copysign.o)
 .debug_frame   0x00000c38       0x20 c:/freescale/kds_v3/toolchain/bin/../lib/gcc/arm-none-eabi/4.8.4/armv6-m\libgcc.a(_udivsi3.o)
 .debug_frame   0x00000c58       0x20 c:/freescale/kds_v3/toolchain/bin/../lib/gcc/arm-none-eabi/4.8.4/armv6-m\libgcc.a(_divsi3.o)
 .debug_frame   0x00000c78       0x2c c:/freescale/kds_v3/toolchain/bin/../lib/gcc/arm-none-eabi/4.8.4/armv6-m\libgcc.a(_fixunsdfsi.o)
 .debug_frame   0x00000ca4       0x2c c:/freescale/kds_v3/toolchain/bin/../lib/gcc/arm-none-eabi/4.8.4/armv6-m\libgcc.a(eqsf2.o)
 .debug_frame   0x00000cd0       0x30 c:/freescale/kds_v3/toolchain/bin/../lib/gcc/arm-none-eabi/4.8.4/armv6-m\libgcc.a(gesf2.o)
 .debug_frame   0x00000d00       0x30 c:/freescale/kds_v3/toolchain/bin/../lib/gcc/arm-none-eabi/4.8.4/armv6-m\libgcc.a(lesf2.o)
 .debug_frame   0x00000d30       0x30 c:/freescale/kds_v3/toolchain/bin/../lib/gcc/arm-none-eabi/4.8.4/armv6-m\libgcc.a(subsf3.o)
 .debug_frame   0x00000d60       0x20 c:/freescale/kds_v3/toolchain/bin/../lib/gcc/arm-none-eabi/4.8.4/armv6-m\libgcc.a(fixsfsi.o)
 .debug_frame   0x00000d80       0x2c c:/freescale/kds_v3/toolchain/bin/../lib/gcc/arm-none-eabi/4.8.4/armv6-m\libgcc.a(floatsisf.o)
 .debug_frame   0x00000dac       0x28 c:/freescale/kds_v3/toolchain/bin/../lib/gcc/arm-none-eabi/4.8.4/armv6-m\libgcc.a(floatunsisf.o)
 .debug_frame   0x00000dd4       0x3c c:/freescale/kds_v3/toolchain/bin/../lib/gcc/arm-none-eabi/4.8.4/armv6-m\libgcc.a(adddf3.o)
 .debug_frame   0x00000e10       0x3c c:/freescale/kds_v3/toolchain/bin/../lib/gcc/arm-none-eabi/4.8.4/armv6-m\libgcc.a(divdf3.o)
 .debug_frame   0x00000e4c       0x3c c:/freescale/kds_v3/toolchain/bin/../lib/gcc/arm-none-eabi/4.8.4/armv6-m\libgcc.a(eqdf2.o)
 .debug_frame   0x00000e88       0x38 c:/freescale/kds_v3/toolchain/bin/../lib/gcc/arm-none-eabi/4.8.4/armv6-m\libgcc.a(gedf2.o)
 .debug_frame   0x00000ec0       0x3c c:/freescale/kds_v3/toolchain/bin/../lib/gcc/arm-none-eabi/4.8.4/armv6-m\libgcc.a(ledf2.o)
 .debug_frame   0x00000efc       0x3c c:/freescale/kds_v3/toolchain/bin/../lib/gcc/arm-none-eabi/4.8.4/armv6-m\libgcc.a(muldf3.o)
 .debug_frame   0x00000f38       0x3c c:/freescale/kds_v3/toolchain/bin/../lib/gcc/arm-none-eabi/4.8.4/armv6-m\libgcc.a(subdf3.o)
 .debug_frame   0x00000f74       0x2c c:/freescale/kds_v3/toolchain/bin/../lib/gcc/arm-none-eabi/4.8.4/armv6-m\libgcc.a(fixdfsi.o)
 .debug_frame   0x00000fa0       0x30 c:/freescale/kds_v3/toolchain/bin/../lib/gcc/arm-none-eabi/4.8.4/armv6-m\libgcc.a(floatsidf.o)
 .debug_frame   0x00000fd0       0x28 c:/freescale/kds_v3/toolchain/bin/../lib/gcc/arm-none-eabi/4.8.4/armv6-m\libgcc.a(floatunsidf.o)
 .debug_frame   0x00000ff8       0x2c c:/freescale/kds_v3/toolchain/bin/../lib/gcc/arm-none-eabi/4.8.4/armv6-m\libgcc.a(extendsfdf2.o)
 .debug_frame   0x00001024       0x30 c:/freescale/kds_v3/toolchain/bin/../lib/gcc/arm-none-eabi/4.8.4/armv6-m\libgcc.a(truncdfsf2.o)
 .debug_frame   0x00001054       0x20 c:/freescale/kds_v3/toolchain/bin/../lib/gcc/arm-none-eabi/4.8.4/../../../../arm-none-eabi/lib/armv6-m\libg_s.a(lib_a-errno.o)
 .debug_frame   0x00001074       0x28 c:/freescale/kds_v3/toolchain/bin/../lib/gcc/arm-none-eabi/4.8.4/../../../../arm-none-eabi/lib/armv6-m\libg_s.a(lib_a-exit.o)
 .debug_frame   0x0000109c       0x2c c:/freescale/kds_v3/toolchain/bin/../lib/gcc/arm-none-eabi/4.8.4/../../../../arm-none-eabi/lib/armv6-m\libg_s.a(lib_a-init.o)
 .debug_frame   0x000010c8       0x40 c:/freescale/kds_v3/toolchain/bin/../lib/gcc/arm-none-eabi/4.8.4/../../../../arm-none-eabi/lib/armv6-m\libg_s.a(lib_a-malloc.o)
 .debug_frame   0x00001108       0x28 c:/freescale/kds_v3/toolchain/bin/../lib/gcc/arm-none-eabi/4.8.4/../../../../arm-none-eabi/lib/armv6-m\libg_s.a(lib_a-memcpy-stub.o)
 .debug_frame   0x00001130       0x20 c:/freescale/kds_v3/toolchain/bin/../lib/gcc/arm-none-eabi/4.8.4/../../../../arm-none-eabi/lib/armv6-m\libg_s.a(lib_a-memset.o)
 .debug_frame   0x00001150       0x2c c:/freescale/kds_v3/toolchain/bin/../lib/gcc/arm-none-eabi/4.8.4/../../../../arm-none-eabi/lib/armv6-m\libg_s.a(lib_a-nano-freer.o)
 .debug_frame   0x0000117c       0x2c c:/freescale/kds_v3/toolchain/bin/../lib/gcc/arm-none-eabi/4.8.4/../../../../arm-none-eabi/lib/armv6-m\libg_s.a(lib_a-nano-mallocr.o)
 .debug_frame   0x000011a8       0x2c c:/freescale/kds_v3/toolchain/bin/../lib/gcc/arm-none-eabi/4.8.4/../../../../arm-none-eabi/lib/armv6-m\libg_s.a(lib_a-sbrkr.o)
 .debug_frame   0x000011d4       0x4c c:/freescale/kds_v3/toolchain/bin/../lib/gcc/arm-none-eabi/4.8.4/../../../../arm-none-eabi/lib/armv6-m\libg_s.a(lib_a-sprintf.o)
 .debug_frame   0x00001220       0x74 c:/freescale/kds_v3/toolchain/bin/../lib/gcc/arm-none-eabi/4.8.4/../../../../arm-none-eabi/lib/armv6-m\libg_s.a(lib_a-svfprintf.o)
 .debug_frame   0x00001294       0x54 c:/freescale/kds_v3/toolchain/bin/../lib/gcc/arm-none-eabi/4.8.4/../../../../arm-none-eabi/lib/armv6-m\libg_s.a(lib_a-vfprintf_i.o)
 .debug_frame   0x000012e8      0x148 c:/freescale/kds_v3/toolchain/bin/../lib/gcc/arm-none-eabi/4.8.4/../../../../arm-none-eabi/lib/armv6-m\libg_s.a(lib_a-findfp.o)
 .debug_frame   0x00001430       0x20 c:/freescale/kds_v3/toolchain/bin/../lib/gcc/arm-none-eabi/4.8.4/../../../../arm-none-eabi/lib/armv6-m\libg_s.a(lib_a-memchr-stub.o)
 .debug_frame   0x00001450       0x2c c:/freescale/kds_v3/toolchain/bin/../lib/gcc/arm-none-eabi/4.8.4/../../../../arm-none-eabi/lib/armv6-m\libg_s.a(lib_a-memmove.o)
 .debug_frame   0x0000147c       0x30 c:/freescale/kds_v3/toolchain/bin/../lib/gcc/arm-none-eabi/4.8.4/../../../../arm-none-eabi/lib/armv6-m\libg_s.a(lib_a-nano-reallocr.o)
 .debug_frame   0x000014ac       0x48 c:/freescale/kds_v3/toolchain/bin/../lib/gcc/arm-none-eabi/4.8.4/../../../../arm-none-eabi/lib/armv6-m\libg_s.a(lib_a-reent.o)
 .debug_frame   0x000014f4       0x20 c:/freescale/kds_v3/toolchain/bin/../lib/gcc/arm-none-eabi/4.8.4/../../../../arm-none-eabi/lib/armv6-m\libg_s.a(lib_a-strlen.o)
 .debug_frame   0x00001514       0x20 c:/freescale/kds_v3/toolchain/bin/../lib/gcc/arm-none-eabi/4.8.4/../../../../arm-none-eabi/lib/armv6-m\libg_s.a(lib_a-nano-msizer.o)
 .debug_frame   0x00001534       0x20 c:/freescale/kds_v3/toolchain/bin/../lib/gcc/arm-none-eabi/4.8.4/../../../../arm-none-eabi/lib/armv6-m\libnosys.a(sbrk.o)
 .debug_frame   0x00001554       0x20 c:/freescale/kds_v3/toolchain/bin/../lib/gcc/arm-none-eabi/4.8.4/../../../../arm-none-eabi/lib/armv6-m\libnosys.a(_exit.o)

.stabstr        0x00000000      0x14d
 .stabstr       0x00000000      0x14d c:/freescale/kds_v3/toolchain/bin/../lib/gcc/arm-none-eabi/4.8.4/../../../../arm-none-eabi/lib/armv6-m\libnosys.a(close.o)
