Archive member included because of file (symbol)

c:/freescale/kds_v3/toolchain/bin/../lib/gcc/arm-none-eabi/4.8.4/../../../../arm-none-eabi/lib/armv6-m\libm.a(lib_a-w_pow.o)
                              ./Sources/data.o (pow)
c:/freescale/kds_v3/toolchain/bin/../lib/gcc/arm-none-eabi/4.8.4/../../../../arm-none-eabi/lib/armv6-m\libm.a(lib_a-e_pow.o)
                              c:/freescale/kds_v3/toolchain/bin/../lib/gcc/arm-none-eabi/4.8.4/../../../../arm-none-eabi/lib/armv6-m\libm.a(lib_a-w_pow.o) (__ieee754_pow)
c:/freescale/kds_v3/toolchain/bin/../lib/gcc/arm-none-eabi/4.8.4/../../../../arm-none-eabi/lib/armv6-m\libm.a(lib_a-e_sqrt.o)
                              c:/freescale/kds_v3/toolchain/bin/../lib/gcc/arm-none-eabi/4.8.4/../../../../arm-none-eabi/lib/armv6-m\libm.a(lib_a-e_pow.o) (__ieee754_sqrt)
c:/freescale/kds_v3/toolchain/bin/../lib/gcc/arm-none-eabi/4.8.4/../../../../arm-none-eabi/lib/armv6-m\libm.a(lib_a-s_fabs.o)
                              c:/freescale/kds_v3/toolchain/bin/../lib/gcc/arm-none-eabi/4.8.4/../../../../arm-none-eabi/lib/armv6-m\libm.a(lib_a-e_pow.o) (fabs)
c:/freescale/kds_v3/toolchain/bin/../lib/gcc/arm-none-eabi/4.8.4/../../../../arm-none-eabi/lib/armv6-m\libm.a(lib_a-s_finite.o)
                              c:/freescale/kds_v3/toolchain/bin/../lib/gcc/arm-none-eabi/4.8.4/../../../../arm-none-eabi/lib/armv6-m\libm.a(lib_a-w_pow.o) (finite)
c:/freescale/kds_v3/toolchain/bin/../lib/gcc/arm-none-eabi/4.8.4/../../../../arm-none-eabi/lib/armv6-m\libm.a(lib_a-s_fpclassify.o)
                              c:/freescale/kds_v3/toolchain/bin/../lib/gcc/arm-none-eabi/4.8.4/../../../../arm-none-eabi/lib/armv6-m\libm.a(lib_a-w_pow.o) (__fpclassifyd)
c:/freescale/kds_v3/toolchain/bin/../lib/gcc/arm-none-eabi/4.8.4/../../../../arm-none-eabi/lib/armv6-m\libm.a(lib_a-s_lib_ver.o)
                              c:/freescale/kds_v3/toolchain/bin/../lib/gcc/arm-none-eabi/4.8.4/../../../../arm-none-eabi/lib/armv6-m\libm.a(lib_a-w_pow.o) (__fdlib_version)
c:/freescale/kds_v3/toolchain/bin/../lib/gcc/arm-none-eabi/4.8.4/../../../../arm-none-eabi/lib/armv6-m\libm.a(lib_a-s_matherr.o)
                              c:/freescale/kds_v3/toolchain/bin/../lib/gcc/arm-none-eabi/4.8.4/../../../../arm-none-eabi/lib/armv6-m\libm.a(lib_a-w_pow.o) (matherr)
c:/freescale/kds_v3/toolchain/bin/../lib/gcc/arm-none-eabi/4.8.4/../../../../arm-none-eabi/lib/armv6-m\libm.a(lib_a-s_nan.o)
                              c:/freescale/kds_v3/toolchain/bin/../lib/gcc/arm-none-eabi/4.8.4/../../../../arm-none-eabi/lib/armv6-m\libm.a(lib_a-e_pow.o) (nan)
c:/freescale/kds_v3/toolchain/bin/../lib/gcc/arm-none-eabi/4.8.4/../../../../arm-none-eabi/lib/armv6-m\libm.a(lib_a-s_rint.o)
                              c:/freescale/kds_v3/toolchain/bin/../lib/gcc/arm-none-eabi/4.8.4/../../../../arm-none-eabi/lib/armv6-m\libm.a(lib_a-w_pow.o) (rint)
c:/freescale/kds_v3/toolchain/bin/../lib/gcc/arm-none-eabi/4.8.4/../../../../arm-none-eabi/lib/armv6-m\libm.a(lib_a-s_scalbn.o)
                              c:/freescale/kds_v3/toolchain/bin/../lib/gcc/arm-none-eabi/4.8.4/../../../../arm-none-eabi/lib/armv6-m\libm.a(lib_a-e_pow.o) (scalbn)
c:/freescale/kds_v3/toolchain/bin/../lib/gcc/arm-none-eabi/4.8.4/../../../../arm-none-eabi/lib/armv6-m\libm.a(lib_a-s_copysign.o)
                              c:/freescale/kds_v3/toolchain/bin/../lib/gcc/arm-none-eabi/4.8.4/../../../../arm-none-eabi/lib/armv6-m\libm.a(lib_a-s_scalbn.o) (copysign)
c:/freescale/kds_v3/toolchain/bin/../lib/gcc/arm-none-eabi/4.8.4/armv6-m\libgcc.a(_udivsi3.o)
                              ./Sources/uart.o (__aeabi_uidiv)
c:/freescale/kds_v3/toolchain/bin/../lib/gcc/arm-none-eabi/4.8.4/armv6-m\libgcc.a(_divsi3.o)
                              ./Sources/data.o (__aeabi_idiv)
c:/freescale/kds_v3/toolchain/bin/../lib/gcc/arm-none-eabi/4.8.4/armv6-m\libgcc.a(_dvmd_tls.o)
                              c:/freescale/kds_v3/toolchain/bin/../lib/gcc/arm-none-eabi/4.8.4/armv6-m\libgcc.a(_udivsi3.o) (__aeabi_idiv0)
c:/freescale/kds_v3/toolchain/bin/../lib/gcc/arm-none-eabi/4.8.4/armv6-m\libgcc.a(_arm_cmpdf2.o)
                              c:/freescale/kds_v3/toolchain/bin/../lib/gcc/arm-none-eabi/4.8.4/../../../../arm-none-eabi/lib/armv6-m\libm.a(lib_a-w_pow.o) (__aeabi_dcmpeq)
c:/freescale/kds_v3/toolchain/bin/../lib/gcc/arm-none-eabi/4.8.4/armv6-m\libgcc.a(_arm_cmpsf2.o)
                              ./Sources/data.o (__aeabi_fcmplt)
c:/freescale/kds_v3/toolchain/bin/../lib/gcc/arm-none-eabi/4.8.4/armv6-m\libgcc.a(_fixunsdfsi.o)
                              ./Sources/profile.o (__aeabi_d2uiz)
c:/freescale/kds_v3/toolchain/bin/../lib/gcc/arm-none-eabi/4.8.4/armv6-m\libgcc.a(eqsf2.o)
                              c:/freescale/kds_v3/toolchain/bin/../lib/gcc/arm-none-eabi/4.8.4/armv6-m\libgcc.a(_arm_cmpsf2.o) (__eqsf2)
c:/freescale/kds_v3/toolchain/bin/../lib/gcc/arm-none-eabi/4.8.4/armv6-m\libgcc.a(gesf2.o)
[...]
Memory Configuration

Name             Origin             Length             Attributes
m_interrupts     0x00000000         0x00000100         xr
m_flash_config   0x00000400         0x00000010         xr
m_text           0x00000410         0x0001fbf0         xr
m_data           0x1ffff000         0x00004000         rw
*default*        0x00000000         0xffffffff

Linker script and memory map

LOAD c:/freescale/kds_v3/toolchain/bin/../lib/gcc/arm-none-eabi/4.8.4/armv6-m/crti.o
LOAD c:/freescale/kds_v3/toolchain/bin/../lib/gcc/arm-none-eabi/4.8.4/armv6-m/crtbegin.o
LOAD c:/freescale/kds_v3/toolchain/bin/../lib/gcc/arm-none-eabi/4.8.4/../../../../arm-none-eabi/lib/armv6-m/crt0.o
LOAD ./Sources/circbuf.o
LOAD ./Sources/data.o
LOAD ./Sources/dma.o
LOAD ./Sources/led.o
LOAD ./Sources/log.o
LOAD ./Sources/main.o
LOAD ./Sources/memory.o
LOAD ./Sources/message.o
LOAD ./Sources/profile.o
LOAD ./Sources/uart.o
LOAD ./Project_Settings/Startup_Code/startup_MKL25Z4.o
LOAD ./Project_Settings/Startup_Code/system_MKL25Z4.o
LOAD c:/freescale/kds_v3/toolchain/bin/../lib/gcc/arm-none-eabi/4.8.4/../../../../arm-none-eabi/lib/armv6-m\libstdc++_s.a
LOAD c:/freescale/kds_v3/toolchain/bin/../lib/gcc/arm-none-eabi/4.8.4/../../../../arm-none-eabi/lib/armv6-m\libm.a
START GROUP
LOAD c:/freescale/kds_v3/toolchain/bin/../lib/gcc/arm-none-eabi/4.8.4/armv6-m\libgcc.a
LOAD c:/freescale/kds_v3/toolchain/bin/../lib/gcc/arm-none-eabi/4.8.4/../../../../arm-none-eabi/lib/armv6-m\libg_s.a
LOAD c:/freescale/kds_v3/toolchain/bin/../lib/gcc/arm-none-eabi/4.8.4/../../../../arm-none-eabi/lib/armv6-m\libc_s.a
END GROUP
START GROUP
LOAD c:/freescale/kds_v3/toolchain/bin/../lib/gcc/arm-none-eabi/4.8.4/armv6-m\libgcc.a
LOAD c:/freescale/kds_v3/toolchain/bin/../lib/gcc/arm-none-eabi/4.8.4/../../../../arm-none-eabi/lib/armv6-m\libc_s.a
LOAD c:/freescale/kds_v3/toolchain/bin/../lib/gcc/arm-none-eabi/4.8.4/../../../../arm-none-eabi/lib/armv6-m\libnosys.a
END GROUP
START GROUP
LOAD c:/freescale/kds_v3/toolchain/bin/../lib/gcc/arm-none-eabi/4.8.4/armv6-m\libgcc.a
LOAD c:/freescale/kds_v3/toolchain/bin/../lib/gcc/arm-none-eabi/4.8.4/../../../../arm-none-eabi/lib/armv6-m\libc_s.a
LOAD c:/freescale/kds_v3/toolchain/bin/../lib/gcc/arm-none-eabi/4.8.4/../../../../arm-none-eabi/lib/armv6-m\libnosys.a
END GROUP
LOAD c:/freescale/kds_v3/toolchain/bin/../lib/gcc/arm-none-eabi/4.8.4/armv6-m/crtend.o
LOAD c:/freescale/kds_v3/toolchain/bin/../lib/gcc/arm-none-eabi/4.8.4/armv6-m/crtn.o
                0x00000400                HEAP_SIZE = DEFINED (__heap_size__)?__heap_size__:0x400
                0x00000400                STACK_SIZE = DEFINED (__stack_size__)?__stack_size__:0x400

.interrupts     0x00000000       0xc0
                0x00000000                __VECTOR_TABLE = .
                0x00000000                . = ALIGN (0x4)
 *(.isr_vector)
 .isr_vector    0x00000000       0xc0 ./Project_Settings/Startup_Code/startup_MKL25Z4.o
                0x00000000                __isr_vector
                0x000000c0                . = ALIGN (0x4)

.flash_config   0x00000400       0x10
                0x00000400                . = ALIGN (0x4)
 *(.FlashConfig)
 .FlashConfig   0x00000400       0x10 ./Project_Settings/Startup_Code/startup_MKL25Z4.o
                0x00000410                . = ALIGN (0x4)

.text           0x00000410     0x3c54
                0x00000410                . = ALIGN (0x4)
 *(.text)
 .text          0x00000410       0x60 c:/freescale/kds_v3/toolchain/bin/../lib/gcc/arm-none-eabi/4.8.4/armv6-m/crtbegin.o
 .text          0x00000470       0x78 c:/freescale/kds_v3/toolchain/bin/../lib/gcc/arm-none-eabi/4.8.4/../../../../arm-none-eabi/lib/armv6-m/crt0.o
                0x00000470                _start
                0x00000470                _mainCRTStartup
 .text          0x000004e8       0x34 ./Project_Settings/Startup_Code/startup_MKL25Z4.o
                0x000004e8                Reset_Handler
                0x00000514                HardFault_Handler
                0x00000514                SysTick_Handler
                0x00000514                PendSV_Handler
                0x00000514                NMI_Handler
                0x00000514                I2C1_IRQHandler
                0x00000514                UART1_IRQHandler
                0x00000514                DMA2_IRQHandler
                0x00000514                TPM0_IRQHandler
                0x00000514                LLWU_IRQHandler
                0x00000514                TSI0_IRQHandler
                0x00000514                ADC0_IRQHandler
                0x00000514                Reserved39_IRQHandler
                0x00000514                SPI1_IRQHandler
                0x00000514                DefaultISR
                0x00000514                PORTD_IRQHandler
                0x00000514                TPM2_IRQHandler
                0x00000514                RTC_IRQHandler
                0x00000514                I2C0_IRQHandler
                0x00000514                RTC_Seconds_IRQHandler
                0x00000514                MCG_IRQHandler
                0x00000514                UART2_IRQHandler
                0x00000514                Reserved20_IRQHandler
                0x00000514                USB0_IRQHandler
                0x00000514                SVC_Handler
                0x00000514                DMA3_IRQHandler
                0x00000514                DMA0_IRQHandler
                0x00000514                DAC0_IRQHandler
                0x00000514                Reserved45_IRQHandler
                0x00000514                TPM1_IRQHandler
                0x00000514                LVD_LVW_IRQHandler
                0x00000514                SPI0_IRQHandler
                0x00000514                PORTA_IRQHandler
                0x00000514                FTFA_IRQHandler
                0x00000514                LPTMR0_IRQHandler
                0x00000514                CMP0_IRQHandler
                0x00000514                DMA1_IRQHandler
 .text          0x0000051c       0x9c c:/freescale/kds_v3/toolchain/bin/../lib/gcc/arm-none-eabi/4.8.4/armv6-m\libgcc.a(_udivsi3.o)
                0x0000051c                __aeabi_uidiv
                0x0000051c                __udivsi3
                0x000005a4                __aeabi_uidivmod
 .text          0x000005b8       0xc0 c:/freescale/kds_v3/toolchain/bin/../lib/gcc/arm-none-eabi/4.8.4/armv6-m\libgcc.a(_divsi3.o)
                0x000005b8                __divsi3
                0x000005b8                __aeabi_idiv
                0x00000664                __aeabi_idivmod
 .text          0x00000678        0x4 c:/freescale/kds_v3/toolchain/bin/../lib/gcc/arm-none-eabi/4.8.4/armv6-m\libgcc.a(_dvmd_tls.o)
                0x00000678                __aeabi_idiv0
                0x00000678                __aeabi_ldiv0
 .text          0x0000067c       0x7c c:/freescale/kds_v3/toolchain/bin/../lib/gcc/arm-none-eabi/4.8.4/armv6-m\libgcc.a(_arm_cmpdf2.o)
                0x0000067c                __aeabi_cdrcmple
                0x0000068c                __aeabi_cdcmple
                0x0000068c                __aeabi_cdcmpeq
                0x0000069c                __aeabi_dcmpeq
                0x000006a8                __aeabi_dcmplt
                0x000006bc                __aeabi_dcmple
                0x000006d0                __aeabi_dcmpgt
                0x000006e4                __aeabi_dcmpge
 .text          0x000006f8       0x40 c:/freescale/kds_v3/toolchain/bin/../lib/gcc/arm-none-eabi/4.8.4/armv6-m\libgcc.a(_fixunsdfsi.o)
                0x000006f8                __aeabi_d2uiz
                0x000006f8                __fixunsdfsi
 .text          0x00000738      0x648 c:/freescale/kds_v3/toolchain/bin/../lib/gcc/arm-none-eabi/4.8.4/armv6-m\libgcc.a(divdf3.o)
                0x00000738                __aeabi_ddiv
 .text          0x00000d80       0x94 c:/freescale/kds_v3/toolchain/bin/../lib/gcc/arm-none-eabi/4.8.4/armv6-m\libgcc.a(eqdf2.o)
                0x00000d80                __nedf2
                0x00000d80                __eqdf2
 .text          0x00000e14       0xfc c:/freescale/kds_v3/toolchain/bin/../lib/gcc/arm-none-eabi/4.8.4/armv6-m\libgcc.a(gedf2.o)
                0x00000e14                __gedf2
                0x00000e14                __gtdf2
 .text          0x00000f10       0xfc c:/freescale/kds_v3/toolchain/bin/../lib/gcc/arm-none-eabi/4.8.4/armv6-m\libgcc.a(ledf2.o)
                0x00000f10                __ledf2
                0x00000f10                __ltdf2
 .text          0x0000100c      0x668 c:/freescale/kds_v3/toolchain/bin/../lib/gcc/arm-none-eabi/4.8.4/armv6-m\libgcc.a(subdf3.o)
                0x0000100c                __aeabi_dsub
 .text          0x00001674       0x68 c:/freescale/kds_v3/toolchain/bin/../lib/gcc/arm-none-eabi/4.8.4/armv6-m\libgcc.a(fixdfsi.o)
                0x00001674                __aeabi_d2iz
 .text          0x000016dc       0x68 c:/freescale/kds_v3/toolchain/bin/../lib/gcc/arm-none-eabi/4.8.4/armv6-m\libgcc.a(floatunsidf.o)
                0x000016dc                __aeabi_ui2d
 .text          0x00001744       0x3c c:/freescale/kds_v3/toolchain/bin/../lib/gcc/arm-none-eabi/4.8.4/armv6-m\libgcc.a(_clzsi2.o)
                0x00001744                __clzsi2
 *(.text*)
 .text.initialize
                0x00001780       0x30 ./Sources/circbuf.o
                0x00001780                initialize
 .text.buff_full
                0x000017b0       0x24 ./Sources/circbuf.o
                0x000017b0                buff_full
 .text.buff_empty
                0x000017d4       0x20 ./Sources/circbuf.o
                0x000017d4                buff_empty
 .text.add_data
                0x000017f4       0x94 ./Sources/circbuf.o
                0x000017f4                add_data
 .text.read_data
                0x00001888       0xac ./Sources/circbuf.o
                0x00001888                read_data
 .text.itoa     0x00001934      0x11c ./Sources/data.o
                0x00001934                itoa
 .text.reverse  0x00001a50       0x5c ./Sources/data.o
                0x00001a50                reverse
 .text.memzero_dma
                0x00001aac      0x150 ./Sources/dma.o
                0x00001aac                memzero_dma
 .text.uart_log
                0x00001bfc       0x54 ./Sources/log.o
                0x00001bfc                uart_log
 .text.uart_log1
                0x00001c50      0x120 ./Sources/log.o
                0x00001c50                uart_log1
 .text.main     0x00001d70       0x90 ./Sources/main.o
                0x00001d70                main
 .text.NVIC_EnableIRQ
                0x00001e00       0x2c ./Sources/profile.o
 .text.pit_init
                0x00001e2c       0x50 ./Sources/profile.o
                0x00001e2c                pit_init
 .text.pit_enable
                0x00001e7c       0x2c ./Sources/profile.o
                0x00001e7c                pit_enable
 .text.pit_disable
                0x00001ea8       0x24 ./Sources/profile.o
                0x00001ea8                pit_disable
 *fill*         0x00001ecc        0x4 
 .text.get_time
                0x00001ed0       0x88 ./Sources/profile.o
                0x00001ed0                get_time
 .text.PIT_IRQHandler
                0x00001f58       0x38 ./Sources/profile.o
                0x00001f58                PIT_IRQHandler
 .text.NVIC_EnableIRQ
                0x00001f90       0x2c ./Sources/uart.o
 .text.uart_init
                0x00001fbc      0x144 ./Sources/uart.o
                0x00001fbc                uart_init
 .text.UART0_IRQHandler
                0x00002100       0xc0 ./Sources/uart.o
                0x00002100                UART0_IRQHandler
 .text.SystemInit
                0x000021c0       0x18 ./Project_Settings/Startup_Code/system_MKL25Z4.o
                0x000021c0                SystemInit
 .text.exit     0x000021d8       0x2c c:/freescale/kds_v3/toolchain/bin/../lib/gcc/arm-none-eabi/4.8.4/../../../../arm-none-eabi/lib/armv6-m\libg_s.a(lib_a-exit.o)
                0x000021d8                exit
 .text.__libc_init_array
                0x00002204       0x4c c:/freescale/kds_v3/toolchain/bin/../lib/gcc/arm-none-eabi/4.8.4/../../../../arm-none-eabi/lib/armv6-m\libg_s.a(lib_a-init.o)
                0x00002204                __libc_init_array
 .text.malloc   0x00002250       0x14 c:/freescale/kds_v3/toolchain/bin/../lib/gcc/arm-none-eabi/4.8.4/../../../../arm-none-eabi/lib/armv6-m\libg_s.a(lib_a-malloc.o)
                0x00002250                malloc
 .text.memset   0x00002264       0x10 c:/freescale/kds_v3/toolchain/bin/../lib/gcc/arm-none-eabi/4.8.4/../../../../arm-none-eabi/lib/armv6-m\libg_s.a(lib_a-memset.o)
                0x00002264                memset
 .text._free_r  0x00002274       0x90 c:/freescale/kds_v3/toolchain/bin/../lib/gcc/arm-none-eabi/4.8.4/../../../../arm-none-eabi/lib/armv6-m\libg_s.a(lib_a-nano-freer.o)
                0x00002274                _free_r
 .text._malloc_r
                0x00002304       0xa8 c:/freescale/kds_v3/toolchain/bin/../lib/gcc/arm-none-eabi/4.8.4/../../../../arm-none-eabi/lib/armv6-m\libg_s.a(lib_a-nano-mallocr.o)
                0x00002304                _malloc_r
 .text._sbrk_r  0x000023ac       0x24 c:/freescale/kds_v3/toolchain/bin/../lib/gcc/arm-none-eabi/4.8.4/../../../../arm-none-eabi/lib/armv6-m\libg_s.a(lib_a-sbrkr.o)
                0x000023ac                _sbrk_r
 .text.sprintf  0x000023d0       0x44 c:/freescale/kds_v3/toolchain/bin/../lib/gcc/arm-none-eabi/4.8.4/../../../../arm-none-eabi/lib/armv6-m\libg_s.a(lib_a-sprintf.o)
                0x000023d0                siprintf
                0x000023d0                sprintf
 .text.__ssputs_r
                0x00002414       0xc0 c:/freescale/kds_v3/toolchain/bin/../lib/gcc/arm-none-eabi/4.8.4/../../../../arm-none-eabi/lib/armv6-m\libg_s.a(lib_a-svfprintf.o)
                0x00002414                __ssputs_r
 .text._svfprintf_r
                0x000024d4      0x1e0 c:/freescale/kds_v3/toolchain/bin/../lib/gcc/arm-none-eabi/4.8.4/../../../../arm-none-eabi/lib/armv6-m\libg_s.a(lib_a-svfprintf.o)
                0x000024d4                _svfiprintf_r
                0x000024d4                _svfprintf_r
 .text._printf_common
                0x000026b4       0xe8 c:/freescale/kds_v3/toolchain/bin/../lib/gcc/arm-none-eabi/4.8.4/../../../../arm-none-eabi/lib/armv6-m\libg_s.a(lib_a-vfprintf_i.o)
                0x000026b4                _printf_common
 .text._printf_i
                0x0000279c      0x22c c:/freescale/kds_v3/toolchain/bin/../lib/gcc/arm-none-eabi/4.8.4/../../../../arm-none-eabi/lib/armv6-m\libg_s.a(lib_a-vfprintf_i.o)
                0x0000279c                _printf_i
 .text.memchr   0x000029c8       0x16 c:/freescale/kds_v3/toolchain/bin/../lib/gcc/arm-none-eabi/4.8.4/../../../../arm-none-eabi/lib/armv6-m\libg_s.a(lib_a-memchr-stub.o)
                0x000029c8                memchr
 .text.memcpy   0x000029de       0x12 c:/freescale/kds_v3/toolchain/bin/../lib/gcc/arm-none-eabi/4.8.4/../../../../arm-none-eabi/lib/armv6-m\libg_s.a(lib_a-memcpy-stub.o)
                0x000029de                memcpy
 .text.memmove  0x000029f0       0x32 c:/freescale/kds_v3/toolchain/bin/../lib/gcc/arm-none-eabi/4.8.4/../../../../arm-none-eabi/lib/armv6-m\libg_s.a(lib_a-memmove.o)
                0x000029f0                memmove
 .text._realloc_r
                0x00002a22       0x4c c:/freescale/kds_v3/toolchain/bin/../lib/gcc/arm-none-eabi/4.8.4/../../../../arm-none-eabi/lib/armv6-m\libg_s.a(lib_a-nano-reallocr.o)
                0x00002a22                _realloc_r
 .text.strlen   0x00002a6e        0xe c:/freescale/kds_v3/toolchain/bin/../lib/gcc/arm-none-eabi/4.8.4/../../../../arm-none-eabi/lib/armv6-m\libg_s.a(lib_a-strlen.o)
                0x00002a6e                strlen
 .text._malloc_usable_size_r
                0x00002a7c       0x12 c:/freescale/kds_v3/toolchain/bin/../lib/gcc/arm-none-eabi/4.8.4/../../../../arm-none-eabi/lib/armv6-m\libg_s.a(lib_a-nano-msizer.o)
                0x00002a7c                _malloc_usable_size_r
 *fill*         0x00002a8e        0x2 
 .text._sbrk    0x00002a90       0x34 c:/freescale/kds_v3/toolchain/bin/../lib/gcc/arm-none-eabi/4.8.4/../../../../arm-none-eabi/lib/armv6-m\libnosys.a(sbrk.o)
                0x00002a90                _sbrk
 .text._exit    0x00002ac4        0x4 c:/freescale/kds_v3/toolchain/bin/../lib/gcc/arm-none-eabi/4.8.4/../../../../arm-none-eabi/lib/armv6-m\libnosys.a(_exit.o)
                0x00002ac4                _exit
 *(.rodata)
 .rodata        0x00002ac8       0xe0 ./Sources/data.o
 .rodata        0x00002ba8     0x13a4 ./Sources/main.o
 .rodata        0x00003f4c       0x24 ./Sources/profile.o
 .rodata        0x00003f70       0x40 c:/freescale/kds_v3/toolchain/bin/../lib/gcc/arm-none-eabi/4.8.4/armv6-m\libgcc.a(divdf3.o)
 *(.rodata*)
 .rodata.str1.1
                0x00003fb0        0x2 c:/freescale/kds_v3/toolchain/bin/../lib/gcc/arm-none-eabi/4.8.4/../../../../arm-none-eabi/lib/armv6-m\libg_s.a(lib_a-impure.o)
 *fill*         0x00003fb2        0x2 
 .rodata._global_impure_ptr
                0x00003fb4        0x4 c:/freescale/kds_v3/toolchain/bin/../lib/gcc/arm-none-eabi/4.8.4/../../../../arm-none-eabi/lib/armv6-m\libg_s.a(lib_a-impure.o)
                0x00003fb4                _global_impure_ptr
 .rodata.str1.1
                0x00003fb8       0x11 c:/freescale/kds_v3/toolchain/bin/../lib/gcc/arm-none-eabi/4.8.4/../../../../arm-none-eabi/lib/armv6-m\libg_s.a(lib_a-svfprintf.o)
 .rodata.str1.1
                0x00003fc9       0x22 c:/freescale/kds_v3/toolchain/bin/../lib/gcc/arm-none-eabi/4.8.4/../../../../arm-none-eabi/lib/armv6-m\libg_s.a(lib_a-vfprintf_i.o)
 *fill*         0x00003feb        0x1 
 .rodata.__sf_fake_stdin
                0x00003fec       0x20 c:/freescale/kds_v3/toolchain/bin/../lib/gcc/arm-none-eabi/4.8.4/../../../../arm-none-eabi/lib/armv6-m\libg_s.a(lib_a-findfp.o)
                0x00003fec                __sf_fake_stdin
 .rodata.__sf_fake_stdout
                0x0000400c       0x20 c:/freescale/kds_v3/toolchain/bin/../lib/gcc/arm-none-eabi/4.8.4/../../../../arm-none-eabi/lib/armv6-m\libg_s.a(lib_a-findfp.o)
                0x0000400c                __sf_fake_stdout
 .rodata.__sf_fake_stderr
                0x0000402c       0x20 c:/freescale/kds_v3/toolchain/bin/../lib/gcc/arm-none-eabi/4.8.4/../../../../arm-none-eabi/lib/armv6-m\libg_s.a(lib_a-findfp.o)
                0x0000402c                __sf_fake_stderr
 *(.glue_7)
 .glue_7        0x00000000        0x0 linker stubs
 *(.glue_7t)
 .glue_7t       0x00000000        0x0 linker stubs
 *(.eh_frame)
 .eh_frame      0x0000404c        0x0 c:/freescale/kds_v3/toolchain/bin/../lib/gcc/arm-none-eabi/4.8.4/armv6-m/crtbegin.o
 *(.init)
 .init          0x0000404c        0x4 c:/freescale/kds_v3/toolchain/bin/../lib/gcc/arm-none-eabi/4.8.4/armv6-m/crti.o
                0x0000404c                _init
 .init          0x00004050        0x8 c:/freescale/kds_v3/toolchain/bin/../lib/gcc/arm-none-eabi/4.8.4/armv6-m/crtn.o
 *(.fini)
 .fini          0x00004058        0x4 c:/freescale/kds_v3/toolchain/bin/../lib/gcc/arm-none-eabi/4.8.4/armv6-m/crti.o
                0x00004058                _fini
 .fini          0x0000405c        0x8 c:/freescale/kds_v3/toolchain/bin/../lib/gcc/arm-none-eabi/4.8.4/armv6-m/crtn.o
                0x00004064                . = ALIGN (0x4)

.vfp11_veneer   0x00004064        0x0
 .vfp11_veneer  0x00000000        0x0 linker stubs

.v4_bx          0x00004064        0x0
 .v4_bx         0x00000000        0x0 linker stubs

.iplt           0x00004064        0x0
 .iplt          0x00000000        0x0 c:/freescale/kds_v3/toolchain/bin/../lib/gcc/arm-none-eabi/4.8.4/armv6-m/crtbegin.o

.ARM.extab
 *(.ARM.extab* .gnu.linkonce.armextab.*)

.ARM            0x00004064        0x8
                0x00004064                __exidx_start = .
 *(.ARM.exidx*)
 .ARM.exidx     0x00004064        0x8 c:/freescale/kds_v3/toolchain/bin/../lib/gcc/arm-none-eabi/4.8.4/../../../../arm-none-eabi/lib/armv6-m/crt0.o
                0x0000406c                __exidx_end = .

.rel.dyn        0x0000406c        0x0
 .rel.iplt      0x00000000        0x0 c:/freescale/kds_v3/toolchain/bin/../lib/gcc/arm-none-eabi/4.8.4/armv6-m/crtbegin.o

.ctors          0x0000406c        0x0
                0x0000406c                __CTOR_LIST__ = .
 *crtbegin.o(.ctors)
 *crtbegin?.o(.ctors)
 *(EXCLUDE_FILE(*crtend.o *crtend?.o) .ctors)
 *(SORT(.ctors.*))
 *(.ctors)
                0x0000406c                __CTOR_END__ = .

.dtors          0x0000406c        0x0
                0x0000406c                __DTOR_LIST__ = .
 *crtbegin.o(.dtors)
 *crtbegin?.o(.dtors)
 *(EXCLUDE_FILE(*crtend.o *crtend?.o) .dtors)
 *(SORT(.dtors.*))
 *(.dtors)
                0x0000406c                __DTOR_END__ = .

.preinit_array  0x0000406c        0x0
                0x0000406c                PROVIDE (__preinit_array_start, .)
 *(.preinit_array*)
                0x0000406c                PROVIDE (__preinit_array_end, .)

.init_array     0x0000406c        0x4
                0x0000406c                PROVIDE (__init_array_start, .)
 *(SORT(.init_array.*))
 *(.init_array*)
 .init_array    0x0000406c        0x4 c:/freescale/kds_v3/toolchain/bin/../lib/gcc/arm-none-eabi/4.8.4/armv6-m/crtbegin.o
                0x00004070                PROVIDE (__init_array_end, .)

.fini_array     0x00004070        0x4
                0x00004070                PROVIDE (__fini_array_start, .)
 *(SORT(.fini_array.*))
 *(.fini_array*)
 .fini_array    0x00004070        0x4 c:/freescale/kds_v3/toolchain/bin/../lib/gcc/arm-none-eabi/4.8.4/armv6-m/crtbegin.o
                0x00004074                PROVIDE (__fini_array_end, .)
                0x00004074                __etext = .
                0x00004074                __DATA_ROM = .

.mtb            0x1ffff000        0x0
                0x1ffff000                . = ALIGN (0x8)
                0x1ffff000                _mtb_start = .
 *(.mtb_buf)
                0x1ffff000                . = ALIGN (0x8)
                0x1ffff000                _mtb_end = .

.data           0x1ffff000       0x68 load address 0x00004074
                0x1ffff000                . = ALIGN (0x4)
                0x1ffff000                __DATA_RAM = .
                0x1ffff000                __data_start__ = .
 *(.data)
 *(.data*)
 .data.impure_data
                0x1ffff000       0x60 c:/freescale/kds_v3/toolchain/bin/../lib/gcc/arm-none-eabi/4.8.4/../../../../arm-none-eabi/lib/armv6-m\libg_s.a(lib_a-impure.o)
 .data._impure_ptr
                0x1ffff060        0x4 c:/freescale/kds_v3/toolchain/bin/../lib/gcc/arm-none-eabi/4.8.4/../../../../arm-none-eabi/lib/armv6-m\libg_s.a(lib_a-impure.o)
                0x1ffff060                _impure_ptr
 *(.jcr*)
 .jcr           0x1ffff064        0x0 c:/freescale/kds_v3/toolchain/bin/../lib/gcc/arm-none-eabi/4.8.4/armv6-m/crtbegin.o
 .jcr           0x1ffff064        0x4 c:/freescale/kds_v3/toolchain/bin/../lib/gcc/arm-none-eabi/4.8.4/armv6-m/crtend.o
                0x1ffff068                . = ALIGN (0x4)
                0x1ffff068                __data_end__ = .
                0x000040dc                __DATA_END = (__DATA_ROM + (__data_end__ - __data_start__))

.igot.plt       0x1ffff068        0x0 load address 0x000040dc
 .igot.plt      0x00000000        0x0 c:/freescale/kds_v3/toolchain/bin/../lib/gcc/arm-none-eabi/4.8.4/armv6-m/crtbegin.o

.bss            0x1ffff068       0x5c load address 0x000040dc
                0x1ffff068                . = ALIGN (0x4)
                0x1ffff068                __START_BSS = .
                0x1ffff068                __bss_start__ = .
 *(.bss)
 .bss           0x1ffff068       0x1c c:/freescale/kds_v3/toolchain/bin/../lib/gcc/arm-none-eabi/4.8.4/armv6-m/crtbegin.o
 *(.bss*)
 .bss.counter   0x1ffff084        0x4 ./Sources/profile.o
                0x1ffff084                counter
 .bss.da        0x1ffff088        0x1 ./Sources/uart.o
                0x1ffff088                da
 *fill*         0x1ffff089        0x3 
 .bss.__malloc_sbrk_start
                0x1ffff08c        0x4 c:/freescale/kds_v3/toolchain/bin/../lib/gcc/arm-none-eabi/4.8.4/../../../../arm-none-eabi/lib/armv6-m\libg_s.a(lib_a-nano-mallocr.o)
                0x1ffff08c                __malloc_sbrk_start
 .bss.__malloc_free_list
                0x1ffff090        0x4 c:/freescale/kds_v3/toolchain/bin/../lib/gcc/arm-none-eabi/4.8.4/../../../../arm-none-eabi/lib/armv6-m\libg_s.a(lib_a-nano-mallocr.o)
                0x1ffff090                __malloc_free_list
 .bss.heap_end.4246
                0x1ffff094        0x4 c:/freescale/kds_v3/toolchain/bin/../lib/gcc/arm-none-eabi/4.8.4/../../../../arm-none-eabi/lib/armv6-m\libnosys.a(sbrk.o)
 *(COMMON)
 COMMON         0x1ffff098       0x28 ./Sources/log.o
                0x1ffff098                rx_buf
                0x1ffff0ac                tx_buf
 COMMON         0x1ffff0c0        0x4 c:/freescale/kds_v3/toolchain/bin/../lib/gcc/arm-none-eabi/4.8.4/../../../../arm-none-eabi/lib/armv6-m\libg_s.a(lib_a-reent.o)
                0x1ffff0c0                errno
                0x1ffff0c4                . = ALIGN (0x4)
                0x1ffff0c4                __bss_end__ = .
                0x1ffff0c4                __END_BSS = .

.heap           0x1ffff0c4      0x404 load address 0x00004138
                0x1ffff0c8                . = ALIGN (0x8)
 *fill*         0x1ffff0c4        0x4 
                0x1ffff0c8                __end__ = .
                0x1ffff0c8                PROVIDE (end, .)
                0x1ffff0c8                __HeapBase = .
                0x1ffff4c8                . = (. + HEAP_SIZE)
 *fill*         0x1ffff0c8      0x400 
                0x1ffff4c8                __HeapLimit = .

.stack          0x1ffff4c8      0x400 load address 0x0000453c
                0x1ffff4c8                . = ALIGN (0x8)
                0x1ffff8c8                . = (. + STACK_SIZE)
 *fill*         0x1ffff4c8      0x400 
                0x20003000                __StackTop = (ORIGIN (m_data) + 0x4000)
                0x20002c00                __StackLimit = (__StackTop - STACK_SIZE)
                0x20003000                PROVIDE (__stack, __StackTop)

.ARM.attributes
                0x00000000       0x28
 *(.ARM.attributes)
 .ARM.attributes
                0x00000000       0x1e c:/freescale/kds_v3/toolchain/bin/../lib/gcc/arm-none-eabi/4.8.4/armv6-m/crti.o
 .ARM.attributes
                0x0000001e       0x2c c:/freescale/kds_v3/toolchain/bin/../lib/gcc/arm-none-eabi/4.8.4/armv6-m/crtbegin.o
 .ARM.attributes
                0x0000004a       0x1b c:/freescale/kds_v3/toolchain/bin/../lib/gcc/arm-none-eabi/4.8.4/../../../../arm-none-eabi/lib/armv6-m/crt0.o
 .ARM.attributes
                0x00000065       0x32 ./Sources/circbuf.o
 .ARM.attributes
                0x00000097       0x32 ./Sources/data.o
 .ARM.attributes
                0x000000c9       0x32 ./Sources/dma.o
 .ARM.attributes
                0x000000fb       0x32 ./Sources/log.o
 .ARM.attributes
                0x0000012d       0x32 ./Sources/main.o
 .ARM.attributes
                0x0000015f       0x32 ./Sources/profile.o
 .ARM.attributes
                0x00000191       0x32 ./Sources/uart.o
 .ARM.attributes
                0x000001c3       0x1b ./Project_Settings/Startup_Code/startup_MKL25Z4.o
 .ARM.attributes
                0x000001de       0x32 ./Project_Settings/Startup_Code/system_MKL25Z4.o
 .ARM.attributes
                0x00000210       0x1e c:/freescale/kds_v3/toolchain/bin/../lib/gcc/arm-none-eabi/4.8.4/armv6-m\libgcc.a(_udivsi3.o)
 .ARM.attributes
                0x0000022e       0x1e c:/freescale/kds_v3/toolchain/bin/../lib/gcc/arm-none-eabi/4.8.4/armv6-m\libgcc.a(_divsi3.o)
 .ARM.attributes
                0x0000024c       0x1e c:/freescale/kds_v3/toolchain/bin/../lib/gcc/arm-none-eabi/4.8.4/armv6-m\libgcc.a(_dvmd_tls.o)
 .ARM.attributes
                0x0000026a       0x1e c:/freescale/kds_v3/toolchain/bin/../lib/gcc/arm-none-eabi/4.8.4/armv6-m\libgcc.a(_arm_cmpdf2.o)
 .ARM.attributes
                0x00000288       0x2c c:/freescale/kds_v3/toolchain/bin/../lib/gcc/arm-none-eabi/4.8.4/armv6-m\libgcc.a(_fixunsdfsi.o)
 .ARM.attributes
                0x000002b4       0x2c c:/freescale/kds_v3/toolchain/bin/../lib/gcc/arm-none-eabi/4.8.4/armv6-m\libgcc.a(divdf3.o)
 .ARM.attributes
                0x000002e0       0x2c c:/freescale/kds_v3/toolchain/bin/../lib/gcc/arm-none-eabi/4.8.4/armv6-m\libgcc.a(eqdf2.o)
 .ARM.attributes
                0x0000030c       0x2c c:/freescale/kds_v3/toolchain/bin/../lib/gcc/arm-none-eabi/4.8.4/armv6-m\libgcc.a(gedf2.o)
 .ARM.attributes
                0x00000338       0x2c c:/freescale/kds_v3/toolchain/bin/../lib/gcc/arm-none-eabi/4.8.4/armv6-m\libgcc.a(ledf2.o)
 .ARM.attributes
                0x00000364       0x2c c:/freescale/kds_v3/toolchain/bin/../lib/gcc/arm-none-eabi/4.8.4/armv6-m\libgcc.a(subdf3.o)
 .ARM.attributes
                0x00000390       0x2c c:/freescale/kds_v3/toolchain/bin/../lib/gcc/arm-none-eabi/4.8.4/armv6-m\libgcc.a(fixdfsi.o)
 .ARM.attributes
                0x000003bc       0x2c c:/freescale/kds_v3/toolchain/bin/../lib/gcc/arm-none-eabi/4.8.4/armv6-m\libgcc.a(floatunsidf.o)
 .ARM.attributes
                0x000003e8       0x1e c:/freescale/kds_v3/toolchain/bin/../lib/gcc/arm-none-eabi/4.8.4/armv6-m\libgcc.a(_clzsi2.o)
 .ARM.attributes
                0x00000406       0x2c c:/freescale/kds_v3/toolchain/bin/../lib/gcc/arm-none-eabi/4.8.4/../../../../arm-none-eabi/lib/armv6-m\libg_s.a(lib_a-exit.o)
 .ARM.attributes
                0x00000432       0x2c c:/freescale/kds_v3/toolchain/bin/../lib/gcc/arm-none-eabi/4.8.4/../../../../arm-none-eabi/lib/armv6-m\libg_s.a(lib_a-impure.o)
 .ARM.attributes
                0x0000045e       0x2c c:/freescale/kds_v3/toolchain/bin/../lib/gcc/arm-none-eabi/4.8.4/../../../../arm-none-eabi/lib/armv6-m\libg_s.a(lib_a-init.o)
 .ARM.attributes
                0x0000048a       0x2c c:/freescale/kds_v3/toolchain/bin/../lib/gcc/arm-none-eabi/4.8.4/../../../../arm-none-eabi/lib/armv6-m\libg_s.a(lib_a-malloc.o)
 .ARM.attributes
                0x000004b6       0x2c c:/freescale/kds_v3/toolchain/bin/../lib/gcc/arm-none-eabi/4.8.4/../../../../arm-none-eabi/lib/armv6-m\libg_s.a(lib_a-memset.o)
 .ARM.attributes
                0x000004e2       0x2c c:/freescale/kds_v3/toolchain/bin/../lib/gcc/arm-none-eabi/4.8.4/../../../../arm-none-eabi/lib/armv6-m\libg_s.a(lib_a-nano-freer.o)
 .ARM.attributes
                0x0000050e       0x2c c:/freescale/kds_v3/toolchain/bin/../lib/gcc/arm-none-eabi/4.8.4/../../../../arm-none-eabi/lib/armv6-m\libg_s.a(lib_a-nano-mallocr.o)
 .ARM.attributes
                0x0000053a       0x2c c:/freescale/kds_v3/toolchain/bin/../lib/gcc/arm-none-eabi/4.8.4/../../../../arm-none-eabi/lib/armv6-m\libg_s.a(lib_a-sbrkr.o)
 .ARM.attributes
                0x00000566       0x2c c:/freescale/kds_v3/toolchain/bin/../lib/gcc/arm-none-eabi/4.8.4/../../../../arm-none-eabi/lib/armv6-m\libg_s.a(lib_a-sprintf.o)
 .ARM.attributes
                0x00000592       0x2c c:/freescale/kds_v3/toolchain/bin/../lib/gcc/arm-none-eabi/4.8.4/../../../../arm-none-eabi/lib/armv6-m\libg_s.a(lib_a-svfprintf.o)
 .ARM.attributes
                0x000005be       0x2c c:/freescale/kds_v3/toolchain/bin/../lib/gcc/arm-none-eabi/4.8.4/../../../../arm-none-eabi/lib/armv6-m\libg_s.a(lib_a-vfprintf_i.o)
 .ARM.attributes
                0x000005ea       0x2c c:/freescale/kds_v3/toolchain/bin/../lib/gcc/arm-none-eabi/4.8.4/../../../../arm-none-eabi/lib/armv6-m\libg_s.a(lib_a-findfp.o)
 .ARM.attributes
                0x00000616       0x2c c:/freescale/kds_v3/toolchain/bin/../lib/gcc/arm-none-eabi/4.8.4/../../../../arm-none-eabi/lib/armv6-m\libg_s.a(lib_a-memchr-stub.o)
 .ARM.attributes
                0x00000642       0x2c c:/freescale/kds_v3/toolchain/bin/../lib/gcc/arm-none-eabi/4.8.4/../../../../arm-none-eabi/lib/armv6-m\libg_s.a(lib_a-memcpy-stub.o)
 .ARM.attributes
                0x0000066e       0x2c c:/freescale/kds_v3/toolchain/bin/../lib/gcc/arm-none-eabi/4.8.4/../../../../arm-none-eabi/lib/armv6-m\libg_s.a(lib_a-memmove.o)
 .ARM.attributes
                0x0000069a       0x2c c:/freescale/kds_v3/toolchain/bin/../lib/gcc/arm-none-eabi/4.8.4/../../../../arm-none-eabi/lib/armv6-m\libg_s.a(lib_a-nano-reallocr.o)
 .ARM.attributes
                0x000006c6       0x2c c:/freescale/kds_v3/toolchain/bin/../lib/gcc/arm-none-eabi/4.8.4/../../../../arm-none-eabi/lib/armv6-m\libg_s.a(lib_a-reent.o)
 .ARM.attributes
                0x000006f2       0x2c c:/freescale/kds_v3/toolchain/bin/../lib/gcc/arm-none-eabi/4.8.4/../../../../arm-none-eabi/lib/armv6-m\libg_s.a(lib_a-strlen.o)
 .ARM.attributes
                0x0000071e       0x2c c:/freescale/kds_v3/toolchain/bin/../lib/gcc/arm-none-eabi/4.8.4/../../../../arm-none-eabi/lib/armv6-m\libg_s.a(lib_a-nano-msizer.o)
 .ARM.attributes
                0x0000074a       0x2c c:/freescale/kds_v3/toolchain/bin/../lib/gcc/arm-none-eabi/4.8.4/../../../../arm-none-eabi/lib/armv6-m\libnosys.a(sbrk.o)
 .ARM.attributes
                0x00000776       0x2c c:/freescale/kds_v3/toolchain/bin/../lib/gcc/arm-none-eabi/4.8.4/../../../../arm-none-eabi/lib/armv6-m\libnosys.a(_exit.o)
 .ARM.attributes
                0x000007a2       0x2c c:/freescale/kds_v3/toolchain/bin/../lib/gcc/arm-none-eabi/4.8.4/armv6-m/crtend.o
 .ARM.attributes
                0x000007ce       0x1e c:/freescale/kds_v3/toolchain/bin/../lib/gcc/arm-none-eabi/4.8.4/armv6-m/crtn.o
                0x00000001                ASSERT ((__StackLimit >= __HeapLimit), region m_data overflowed with stack and heap)
OUTPUT(Project 3.elf elf32-littlearm)

.debug_info     0x00000000     0x213f
 .debug_info    0x00000000      0x25d ./Sources/circbuf.o
 .debug_info    0x0000025d      0x478 ./Sources/data.o
 .debug_info    0x000006d5      0x43c ./Sources/dma.o
 .debug_info    0x00000b11      0x2ce ./Sources/log.o
 .debug_info    0x00000ddf      0x193 ./Sources/main.o
 .debug_info    0x00000f72      0x610 ./Sources/profile.o
 .debug_info    0x00001582      0x747 ./Sources/uart.o
 .debug_info    0x00001cc9       0x89 ./Project_Settings/Startup_Code/startup_MKL25Z4.o
 .debug_info    0x00001d52      0x3ed ./Project_Settings/Startup_Code/system_MKL25Z4.o

.debug_abbrev   0x00000000      0xa1e
 .debug_abbrev  0x00000000      0x11d ./Sources/circbuf.o
 .debug_abbrev  0x0000011d      0x15e ./Sources/data.o
 .debug_abbrev  0x0000027b      0x169 ./Sources/dma.o
 .debug_abbrev  0x000003e4      0x108 ./Sources/log.o
 .debug_abbrev  0x000004ec       0xbc ./Sources/main.o
 .debug_abbrev  0x000005a8      0x16f ./Sources/profile.o
 .debug_abbrev  0x00000717      0x1ea ./Sources/uart.o
 .debug_abbrev  0x00000901       0x14 ./Project_Settings/Startup_Code/startup_MKL25Z4.o
 .debug_abbrev  0x00000915      0x109 ./Project_Settings/Startup_Code/system_MKL25Z4.o

.debug_aranges  0x00000000      0x1d8
 .debug_aranges
                0x00000000       0x48 ./Sources/circbuf.o
 .debug_aranges
                0x00000048       0x58 ./Sources/data.o
 .debug_aranges
                0x000000a0       0x28 ./Sources/dma.o
 .debug_aranges
                0x000000c8       0x30 ./Sources/log.o
 .debug_aranges
                0x000000f8       0x20 ./Sources/main.o
 .debug_aranges
                0x00000118       0x48 ./Sources/profile.o
 .debug_aranges
                0x00000160       0x30 ./Sources/uart.o
 .debug_aranges
                0x00000190       0x20 ./Project_Settings/Startup_Code/startup_MKL25Z4.o
 .debug_aranges
                0x000001b0       0x28 ./Project_Settings/Startup_Code/system_MKL25Z4.o

.debug_ranges   0x00000000      0x138
 .debug_ranges  0x00000000       0x38 ./Sources/circbuf.o
 .debug_ranges  0x00000038       0x48 ./Sources/data.o
 .debug_ranges  0x00000080       0x18 ./Sources/dma.o
 .debug_ranges  0x00000098       0x20 ./Sources/log.o
 .debug_ranges  0x000000b8       0x10 ./Sources/main.o
 .debug_ranges  0x000000c8       0x38 ./Sources/profile.o
 .debug_ranges  0x00000100       0x20 ./Sources/uart.o
 .debug_ranges  0x00000120       0x18 ./Project_Settings/Startup_Code/system_MKL25Z4.o

.debug_macro    0x00000000     0xa460
 .debug_macro   0x00000000      0x132 ./Sources/circbuf.o
 .debug_macro   0x00000132      0x802 ./Sources/circbuf.o
 .debug_macro   0x00000934       0x58 ./Sources/circbuf.o
 .debug_macro   0x0000098c       0x16 ./Sources/circbuf.o
 .debug_macro   0x000009a2       0x35 ./Sources/circbuf.o
 .debug_macro   0x000009d7       0xa3 ./Sources/circbuf.o
 .debug_macro   0x00000a7a       0x16 ./Sources/circbuf.o
 .debug_macro   0x00000a90       0x97 ./Sources/circbuf.o
 .debug_macro   0x00000b27       0x10 ./Sources/circbuf.o
 .debug_macro   0x00000b37       0xef ./Sources/circbuf.o
 .debug_macro   0x00000c26       0x4a ./Sources/circbuf.o
 .debug_macro   0x00000c70       0x52 ./Sources/circbuf.o
 .debug_macro   0x00000cc2       0x16 ./Sources/circbuf.o
 .debug_macro   0x00000cd8       0x43 ./Sources/circbuf.o
 .debug_macro   0x00000d1b      0x180 ./Sources/circbuf.o
 .debug_macro   0x00000e9b       0x10 ./Sources/circbuf.o
 .debug_macro   0x00000eab       0x22 ./Sources/circbuf.o
 .debug_macro   0x00000ecd       0xbd ./Sources/circbuf.o
 .debug_macro   0x00000f8a       0x16 ./Sources/circbuf.o
 .debug_macro   0x00000fa0      0x14a ./Sources/circbuf.o
 .debug_macro   0x000010ea       0x16 ./Sources/circbuf.o
 .debug_macro   0x00001100       0x35 ./Sources/circbuf.o
 .debug_macro   0x00001135       0x22 ./Sources/circbuf.o
 .debug_macro   0x00001157      0x20f ./Sources/circbuf.o
 .debug_macro   0x00001366       0x10 ./Sources/circbuf.o
 .debug_macro   0x00001376       0x8d ./Sources/data.o
 .debug_macro   0x00001403       0x16 ./Sources/data.o
 .debug_macro   0x00001419       0x44 ./Sources/data.o
 .debug_macro   0x0000145d      0x209 ./Sources/data.o
 .debug_macro   0x00001666       0x3a ./Sources/data.o
 .debug_macro   0x000016a0       0x3a ./Sources/data.o
 .debug_macro   0x000016da       0x26 ./Sources/data.o
 .debug_macro   0x00001700      0x306 ./Sources/data.o
 .debug_macro   0x00001a06       0x63 ./Sources/data.o
 .debug_macro   0x00001a69     0x839f ./Sources/data.o
 .debug_macro   0x00009e08       0xae ./Sources/dma.o
 .debug_macro   0x00009eb6       0x10 ./Sources/dma.o
 .debug_macro   0x00009ec6       0x16 ./Sources/dma.o
 .debug_macro   0x00009edc       0x10 ./Sources/dma.o
 .debug_macro   0x00009eec      0x184 ./Sources/log.o
 .debug_macro   0x0000a070      0x188 ./Sources/main.o
 .debug_macro   0x0000a1f8       0x10 ./Sources/main.o
 .debug_macro   0x0000a208       0x3c ./Sources/main.o
 .debug_macro   0x0000a244       0xae ./Sources/profile.o
 .debug_macro   0x0000a2f2       0xa4 ./Sources/uart.o
 .debug_macro   0x0000a396       0x7e ./Project_Settings/Startup_Code/system_MKL25Z4.o
 .debug_macro   0x0000a414       0x4c ./Project_Settings/Startup_Code/system_MKL25Z4.o

.debug_line     0x00000000     0x150f
 .debug_line    0x00000000      0x2b1 ./Sources/circbuf.o
 .debug_line    0x000002b1      0x312 ./Sources/data.o
 .debug_line    0x000005c3      0x23e ./Sources/dma.o
 .debug_line    0x00000801      0x2ee ./Sources/log.o
 .debug_line    0x00000aef      0x2b6 ./Sources/main.o
 .debug_line    0x00000da5      0x261 ./Sources/profile.o
 .debug_line    0x00001006      0x24e ./Sources/uart.o
 .debug_line    0x00001254       0x7b ./Project_Settings/Startup_Code/startup_MKL25Z4.o
 .debug_line    0x000012cf      0x240 ./Project_Settings/Startup_Code/system_MKL25Z4.o

.debug_str      0x00000000    0x34226
 .debug_str     0x00000000     0x4d33 ./Sources/circbuf.o
                               0x4f0d (size before relaxing)
 .debug_str     0x00004d33    0x2edf2 ./Sources/data.o
                              0x31e7e (size before relaxing)
 .debug_str     0x00033b25      0x215 ./Sources/dma.o
                              0x31fad (size before relaxing)
 .debug_str     0x00033d3a       0x55 ./Sources/log.o
                              0x33e9d (size before relaxing)
 .debug_str     0x00033d8f       0xfb ./Sources/main.o
                              0x33576 (size before relaxing)
 .debug_str     0x00033e8a      0x299 ./Sources/profile.o
                              0x321ee (size before relaxing)
 .debug_str     0x00034123       0x77 ./Sources/uart.o
                              0x32209 (size before relaxing)
 .debug_str     0x0003419a       0x8c ./Project_Settings/Startup_Code/system_MKL25Z4.o
                              0x31f07 (size before relaxing)

.comment        0x00000000       0x70
 .comment       0x00000000       0x70 ./Sources/circbuf.o
                                 0x71 (size before relaxing)
 .comment       0x00000000       0x71 ./Sources/data.o
 .comment       0x00000000       0x71 ./Sources/dma.o
 .comment       0x00000000       0x71 ./Sources/log.o
 .comment       0x00000000       0x71 ./Sources/main.o
 .comment       0x00000000       0x71 ./Sources/profile.o
 .comment       0x00000000       0x71 ./Sources/uart.o
 .comment       0x00000000       0x71 ./Project_Settings/Startup_Code/system_MKL25Z4.o

.debug_frame    0x00000000      0xb38
 .debug_frame   0x00000000       0xd0 ./Sources/circbuf.o
 .debug_frame   0x000000d0      0x114 ./Sources/data.o
 .debug_frame   0x000001e4       0x50 ./Sources/dma.o
 .debug_frame   0x00000234       0x70 ./Sources/log.o
 .debug_frame   0x000002a4       0x30 ./Sources/main.o
 .debug_frame   0x000002d4       0xc0 ./Sources/profile.o
 .debug_frame   0x00000394       0x70 ./Sources/uart.o
 .debug_frame   0x00000404       0x4c ./Project_Settings/Startup_Code/system_MKL25Z4.o
 .debug_frame   0x00000450       0x20 c:/freescale/kds_v3/toolchain/bin/../lib/gcc/arm-none-eabi/4.8.4/armv6-m\libgcc.a(_udivsi3.o)
 .debug_frame   0x00000470       0x20 c:/freescale/kds_v3/toolchain/bin/../lib/gcc/arm-none-eabi/4.8.4/armv6-m\libgcc.a(_divsi3.o)
 .debug_frame   0x00000490       0x2c c:/freescale/kds_v3/toolchain/bin/../lib/gcc/arm-none-eabi/4.8.4/armv6-m\libgcc.a(_fixunsdfsi.o)
 .debug_frame   0x000004bc       0x3c c:/freescale/kds_v3/toolchain/bin/../lib/gcc/arm-none-eabi/4.8.4/armv6-m\libgcc.a(divdf3.o)
 .debug_frame   0x000004f8       0x3c c:/freescale/kds_v3/toolchain/bin/../lib/gcc/arm-none-eabi/4.8.4/armv6-m\libgcc.a(eqdf2.o)
 .debug_frame   0x00000534       0x38 c:/freescale/kds_v3/toolchain/bin/../lib/gcc/arm-none-eabi/4.8.4/armv6-m\libgcc.a(gedf2.o)
 .debug_frame   0x0000056c       0x3c c:/freescale/kds_v3/toolchain/bin/../lib/gcc/arm-none-eabi/4.8.4/armv6-m\libgcc.a(ledf2.o)
 .debug_frame   0x000005a8       0x3c c:/freescale/kds_v3/toolchain/bin/../lib/gcc/arm-none-eabi/4.8.4/armv6-m\libgcc.a(subdf3.o)
 .debug_frame   0x000005e4       0x2c c:/freescale/kds_v3/toolchain/bin/../lib/gcc/arm-none-eabi/4.8.4/armv6-m\libgcc.a(fixdfsi.o)
 .debug_frame   0x00000610       0x28 c:/freescale/kds_v3/toolchain/bin/../lib/gcc/arm-none-eabi/4.8.4/armv6-m\libgcc.a(floatunsidf.o)
 .debug_frame   0x00000638       0x28 c:/freescale/kds_v3/toolchain/bin/../lib/gcc/arm-none-eabi/4.8.4/../../../../arm-none-eabi/lib/armv6-m\libg_s.a(lib_a-exit.o)
 .debug_frame   0x00000660       0x2c c:/freescale/kds_v3/toolchain/bin/../lib/gcc/arm-none-eabi/4.8.4/../../../../arm-none-eabi/lib/armv6-m\libg_s.a(lib_a-init.o)
 .debug_frame   0x0000068c       0x40 c:/freescale/kds_v3/toolchain/bin/../lib/gcc/arm-none-eabi/4.8.4/../../../../arm-none-eabi/lib/armv6-m\libg_s.a(lib_a-malloc.o)
 .debug_frame   0x000006cc       0x20 c:/freescale/kds_v3/toolchain/bin/../lib/gcc/arm-none-eabi/4.8.4/../../../../arm-none-eabi/lib/armv6-m\libg_s.a(lib_a-memset.o)
 .debug_frame   0x000006ec       0x2c c:/freescale/kds_v3/toolchain/bin/../lib/gcc/arm-none-eabi/4.8.4/../../../../arm-none-eabi/lib/armv6-m\libg_s.a(lib_a-nano-freer.o)
 .debug_frame   0x00000718       0x2c c:/freescale/kds_v3/toolchain/bin/../lib/gcc/arm-none-eabi/4.8.4/../../../../arm-none-eabi/lib/armv6-m\libg_s.a(lib_a-nano-mallocr.o)
 .debug_frame   0x00000744       0x2c c:/freescale/kds_v3/toolchain/bin/../lib/gcc/arm-none-eabi/4.8.4/../../../../arm-none-eabi/lib/armv6-m\libg_s.a(lib_a-sbrkr.o)
 .debug_frame   0x00000770       0x4c c:/freescale/kds_v3/toolchain/bin/../lib/gcc/arm-none-eabi/4.8.4/../../../../arm-none-eabi/lib/armv6-m\libg_s.a(lib_a-sprintf.o)
 .debug_frame   0x000007bc       0x74 c:/freescale/kds_v3/toolchain/bin/../lib/gcc/arm-none-eabi/4.8.4/../../../../arm-none-eabi/lib/armv6-m\libg_s.a(lib_a-svfprintf.o)
 .debug_frame   0x00000830       0x54 c:/freescale/kds_v3/toolchain/bin/../lib/gcc/arm-none-eabi/4.8.4/../../../../arm-none-eabi/lib/armv6-m\libg_s.a(lib_a-vfprintf_i.o)
 .debug_frame   0x00000884      0x148 c:/freescale/kds_v3/toolchain/bin/../lib/gcc/arm-none-eabi/4.8.4/../../../../arm-none-eabi/lib/armv6-m\libg_s.a(lib_a-findfp.o)
 .debug_frame   0x000009cc       0x20 c:/freescale/kds_v3/toolchain/bin/../lib/gcc/arm-none-eabi/4.8.4/../../../../arm-none-eabi/lib/armv6-m\libg_s.a(lib_a-memchr-stub.o)
 .debug_frame   0x000009ec       0x28 c:/freescale/kds_v3/toolchain/bin/../lib/gcc/arm-none-eabi/4.8.4/../../../../arm-none-eabi/lib/armv6-m\libg_s.a(lib_a-memcpy-stub.o)
 .debug_frame   0x00000a14       0x2c c:/freescale/kds_v3/toolchain/bin/../lib/gcc/arm-none-eabi/4.8.4/../../../../arm-none-eabi/lib/armv6-m\libg_s.a(lib_a-memmove.o)
 .debug_frame   0x00000a40       0x30 c:/freescale/kds_v3/toolchain/bin/../lib/gcc/arm-none-eabi/4.8.4/../../../../arm-none-eabi/lib/armv6-m\libg_s.a(lib_a-nano-reallocr.o)
 .debug_frame   0x00000a70       0x48 c:/freescale/kds_v3/toolchain/bin/../lib/gcc/arm-none-eabi/4.8.4/../../../../arm-none-eabi/lib/armv6-m\libg_s.a(lib_a-reent.o)
 .debug_frame   0x00000ab8       0x20 c:/freescale/kds_v3/toolchain/bin/../lib/gcc/arm-none-eabi/4.8.4/../../../../arm-none-eabi/lib/armv6-m\libg_s.a(lib_a-strlen.o)
 .debug_frame   0x00000ad8       0x20 c:/freescale/kds_v3/toolchain/bin/../lib/gcc/arm-none-eabi/4.8.4/../../../../arm-none-eabi/lib/armv6-m\libg_s.a(lib_a-nano-msizer.o)
 .debug_frame   0x00000af8       0x20 c:/freescale/kds_v3/toolchain/bin/../lib/gcc/arm-none-eabi/4.8.4/../../../../arm-none-eabi/lib/armv6-m\libnosys.a(sbrk.o)
 .debug_frame   0x00000b18       0x20 c:/freescale/kds_v3/toolchain/bin/../lib/gcc/arm-none-eabi/4.8.4/../../../../arm-none-eabi/lib/armv6-m\libnosys.a(_exit.o)

.stabstr        0x00000000      0x14d
 .stabstr       0x00000000      0x14d c:/freescale/kds_v3/toolchain/bin/../lib/gcc/arm-none-eabi/4.8.4/../../../../arm-none-eabi/lib/armv6-m\libnosys.a(close.o)
